../Core/Src/main.c:71:6:HAL_CAN_TxMailbox0CompleteCallback	16	static
../Core/Src/main.c:76:6:HAL_CAN_RxFifo0MsgPendingCallback	16	static
../Core/Src/main.c:83:6:HAL_CAN_ErrorCallback	16	static
../Core/Src/main.c:94:6:CAN_TX	56	static
../Core/Src/main.c:139:6:CAN_RX_FilterInit	56	static
../Core/Src/main.c:167:6:CAN_RX	56	static
../Core/Src/main.c:203:5:main	8	static
../Core/Src/main.c:267:6:SystemClock_Config	72	static
../Core/Src/main.c:304:13:MX_CAN_Init	8	static
../Core/Src/main.c:341:13:MX_GPIO_Init	16	static
../Core/Src/main.c:361:6:Error_Handler	4	static,ignoring_inline_asm
