
Allocating common symbols
Common symbol       size              file

PC_State            0x4               PressureController.o
PS_State            0x4               PressureSensor.o
AC_State            0x4               AlarmController.o

Memory Configuration

Name             Origin             Length             Attributes
flash            0x08000000         0x00020000         xr
sram             0x20000000         0x00005000         xrw
*default*        0x00000000         0xffffffff

Linker script and memory map


.text           0x08000000      0x3b0
 *(.vectors*)
 .vectors       0x08000000       0x1c startup.o
                0x08000000                vectors
 *(.text*)
 .text          0x0800001c       0x90 startup.o
                0x0800001c                Bus_Fault_Handler
                0x0800001c                H_Fault_Handler
                0x0800001c                MM_Fault_Handler
                0x0800001c                Usage_Fault_Handler
                0x0800001c                Default_Handler
                0x0800001c                NMI_Handler
                0x08000028                Reset_Handler
 .text          0x080000ac       0x12 main.o
                0x080000ac                main
 *fill*         0x080000be        0x2 
 .text          0x080000c0       0xa4 PressureSensor.o
                0x080000c0                PS_init
                0x080000dc                ST_PS_READING
                0x0800010c                ST_PS_SEND_VAL
                0x0800013c                ST_PS_WAITING
 .text          0x08000164       0xac AlarmController.o
                0x08000164                StartAlarm
                0x0800018c                StopAlarm
                0x080001b4                ST_AC_ALARM_OFF
                0x080001d0                ST_AC_ALARM_ON
                0x080001ec                ST_AC_WAITING
 .text          0x08000210       0xdc PressureController.o
                0x08000210                highPressureDetected
                0x0800022c                setPressureVal
                0x08000248                PC_init
                0x0800028c                PC_pressureMonitor
                0x080002b8                ST_PC_HIGH_PRESSURE
                0x080002e0                ST_PC_BELOW_PRESSURE
 .text          0x080002ec       0xc4 driver.o
                0x080002ec                Delay
                0x0800030c                getPressureVal
                0x08000324                Set_Alarm_actuator
                0x08000360                GPIO_INITIALIZATION
 *(.rodata*)
                0x080003b0                _E_TEXT = .

.glue_7         0x080003b0        0x0
 .glue_7        0x080003b0        0x0 linker stubs

.glue_7t        0x080003b0        0x0
 .glue_7t       0x080003b0        0x0 linker stubs

.vfp11_veneer   0x080003b0        0x0
 .vfp11_veneer  0x080003b0        0x0 linker stubs

.v4_bx          0x080003b0        0x0
 .v4_bx         0x080003b0        0x0 linker stubs

.iplt           0x080003b0        0x0
 .iplt          0x080003b0        0x0 startup.o

.rel.dyn        0x080003b0        0x0
 .rel.iplt      0x080003b0        0x0 startup.o

.data           0x20000000        0x0 load address 0x080003b0
                0x20000000                _S_DATA = .
 *(.data*)
 .data          0x20000000        0x0 startup.o
 .data          0x20000000        0x0 main.o
 .data          0x20000000        0x0 PressureSensor.o
 .data          0x20000000        0x0 AlarmController.o
 .data          0x20000000        0x0 PressureController.o
 .data          0x20000000        0x0 driver.o
                0x20000000                . = ALIGN (0x4)
                0x20000000                _E_DATA = .

.igot.plt       0x20000000        0x0 load address 0x080003b0
 .igot.plt      0x20000000        0x0 startup.o

.bss            0x20000000     0x1018 load address 0x080003b0
                0x20000000                _S_BSS = .
 *(.bss*)
 .bss           0x20000000        0x0 startup.o
 .bss           0x20000000        0x0 main.o
 .bss           0x20000000        0x5 PressureSensor.o
 .bss           0x20000005        0x1 AlarmController.o
 *fill*         0x20000006        0x2 
 .bss           0x20000008        0x4 PressureController.o
 .bss           0x2000000c        0x0 driver.o
                0x2000000c                _E_BSS = .
                0x2000000c                . = ALIGN (0x4)
                0x2000100c                . = (. + 0x1000)
 *fill*         0x2000000c     0x1000 
                0x2000100c                _STACK_TOP = .
 COMMON         0x2000100c        0x4 PressureSensor.o
                0x2000100c                PS_State
 COMMON         0x20001010        0x4 AlarmController.o
                0x20001010                AC_State
 COMMON         0x20001014        0x4 PressureController.o
                0x20001014                PC_State
LOAD startup.o
LOAD main.o
LOAD PressureSensor.o
LOAD AlarmController.o
LOAD PressureController.o
LOAD driver.o
OUTPUT(Pressure_Detection.elf elf32-littlearm)

.debug_info     0x00000000     0x344d
 .debug_info    0x00000000      0x191 startup.o
 .debug_info    0x00000191      0x9b6 main.o
 .debug_info    0x00000b47      0xa4b PressureSensor.o
 .debug_info    0x00001592      0xa4e AlarmController.o
 .debug_info    0x00001fe0      0xa68 PressureController.o
 .debug_info    0x00002a48      0xa05 driver.o

.debug_abbrev   0x00000000      0xa13
 .debug_abbrev  0x00000000       0xd8 startup.o
 .debug_abbrev  0x000000d8      0x197 main.o
 .debug_abbrev  0x0000026f      0x1e1 PressureSensor.o
 .debug_abbrev  0x00000450      0x1df AlarmController.o
 .debug_abbrev  0x0000062f      0x206 PressureController.o
 .debug_abbrev  0x00000835      0x1de driver.o

.debug_loc      0x00000000      0x4f4
 .debug_loc     0x00000000       0x7c startup.o
 .debug_loc     0x0000007c       0x2c main.o
 .debug_loc     0x000000a8       0xb0 PressureSensor.o
 .debug_loc     0x00000158       0xf4 AlarmController.o
 .debug_loc     0x0000024c      0x168 PressureController.o
 .debug_loc     0x000003b4      0x140 driver.o

.debug_aranges  0x00000000       0xc0
 .debug_aranges
                0x00000000       0x20 startup.o
 .debug_aranges
                0x00000020       0x20 main.o
 .debug_aranges
                0x00000040       0x20 PressureSensor.o
 .debug_aranges
                0x00000060       0x20 AlarmController.o
 .debug_aranges
                0x00000080       0x20 PressureController.o
 .debug_aranges
                0x000000a0       0x20 driver.o

.debug_line     0x00000000      0x9d6
 .debug_line    0x00000000      0x13c startup.o
 .debug_line    0x0000013c      0x199 main.o
 .debug_line    0x000002d5      0x1ad PressureSensor.o
 .debug_line    0x00000482      0x1b2 AlarmController.o
 .debug_line    0x00000634      0x1e9 PressureController.o
 .debug_line    0x0000081d      0x1b9 driver.o

.debug_str      0x00000000      0x75f
 .debug_str     0x00000000      0x1ac startup.o
                                0x1e9 (size before relaxing)
 .debug_str     0x000001ac      0x3e8 main.o
                                0x561 (size before relaxing)
 .debug_str     0x00000594       0x77 PressureSensor.o
                                0x5e5 (size before relaxing)
 .debug_str     0x0000060b       0x7b AlarmController.o
                                0x5eb (size before relaxing)
 .debug_str     0x00000686       0x8d PressureController.o
                                0x5f4 (size before relaxing)
 .debug_str     0x00000713       0x4c driver.o
                                0x5a2 (size before relaxing)

.comment        0x00000000       0x7e
 .comment       0x00000000       0x7e startup.o
                                 0x7f (size before relaxing)
 .comment       0x0000007e       0x7f main.o
 .comment       0x0000007e       0x7f PressureSensor.o
 .comment       0x0000007e       0x7f AlarmController.o
 .comment       0x0000007e       0x7f PressureController.o
 .comment       0x0000007e       0x7f driver.o

.ARM.attributes
                0x00000000       0x33
 .ARM.attributes
                0x00000000       0x33 startup.o
 .ARM.attributes
                0x00000033       0x33 main.o
 .ARM.attributes
                0x00000066       0x33 PressureSensor.o
 .ARM.attributes
                0x00000099       0x33 AlarmController.o
 .ARM.attributes
                0x000000cc       0x33 PressureController.o
 .ARM.attributes
                0x000000ff       0x33 driver.o

.debug_frame    0x00000000      0x308
 .debug_frame   0x00000000       0x50 startup.o
 .debug_frame   0x00000050       0x2c main.o
 .debug_frame   0x0000007c       0x80 PressureSensor.o
 .debug_frame   0x000000fc       0xa0 AlarmController.o
 .debug_frame   0x0000019c       0xcc PressureController.o
 .debug_frame   0x00000268       0xa0 driver.o
