Archive member included to satisfy reference by file (symbol)

C:/ST/STM32CubeIDE_1.13.2/STM32CubeIDE/plugins/com.st.stm32cube.ide.mcu.externaltools.gnu-tools-for-stm32.12.3.rel1.win32_1.0.100.202403111256/tools/bin/../lib/gcc/arm-none-eabi/12.3.1/../../../../arm-none-eabi/lib/thumb/v7-m/nofp\libc_nano.a(libc_a-exit.o)
                              C:/ST/STM32CubeIDE_1.13.2/STM32CubeIDE/plugins/com.st.stm32cube.ide.mcu.externaltools.gnu-tools-for-stm32.12.3.rel1.win32_1.0.100.202403111256/tools/bin/../lib/gcc/arm-none-eabi/12.3.1/../../../../arm-none-eabi/lib/thumb/v7-m/nofp/crt0.o (exit)
C:/ST/STM32CubeIDE_1.13.2/STM32CubeIDE/plugins/com.st.stm32cube.ide.mcu.externaltools.gnu-tools-for-stm32.12.3.rel1.win32_1.0.100.202403111256/tools/bin/../lib/gcc/arm-none-eabi/12.3.1/../../../../arm-none-eabi/lib/thumb/v7-m/nofp\libc_nano.a(libc_a-findfp.o)
                              C:/ST/STM32CubeIDE_1.13.2/STM32CubeIDE/plugins/com.st.stm32cube.ide.mcu.externaltools.gnu-tools-for-stm32.12.3.rel1.win32_1.0.100.202403111256/tools/bin/../lib/gcc/arm-none-eabi/12.3.1/../../../../arm-none-eabi/lib/thumb/v7-m/nofp\libc_nano.a(libc_a-exit.o) (__stdio_exit_handler)
C:/ST/STM32CubeIDE_1.13.2/STM32CubeIDE/plugins/com.st.stm32cube.ide.mcu.externaltools.gnu-tools-for-stm32.12.3.rel1.win32_1.0.100.202403111256/tools/bin/../lib/gcc/arm-none-eabi/12.3.1/../../../../arm-none-eabi/lib/thumb/v7-m/nofp\libc_nano.a(libc_a-fwalk.o)
                              C:/ST/STM32CubeIDE_1.13.2/STM32CubeIDE/plugins/com.st.stm32cube.ide.mcu.externaltools.gnu-tools-for-stm32.12.3.rel1.win32_1.0.100.202403111256/tools/bin/../lib/gcc/arm-none-eabi/12.3.1/../../../../arm-none-eabi/lib/thumb/v7-m/nofp\libc_nano.a(libc_a-findfp.o) (_fwalk_sglue)
C:/ST/STM32CubeIDE_1.13.2/STM32CubeIDE/plugins/com.st.stm32cube.ide.mcu.externaltools.gnu-tools-for-stm32.12.3.rel1.win32_1.0.100.202403111256/tools/bin/../lib/gcc/arm-none-eabi/12.3.1/../../../../arm-none-eabi/lib/thumb/v7-m/nofp\libc_nano.a(libc_a-stdio.o)
                              C:/ST/STM32CubeIDE_1.13.2/STM32CubeIDE/plugins/com.st.stm32cube.ide.mcu.externaltools.gnu-tools-for-stm32.12.3.rel1.win32_1.0.100.202403111256/tools/bin/../lib/gcc/arm-none-eabi/12.3.1/../../../../arm-none-eabi/lib/thumb/v7-m/nofp\libc_nano.a(libc_a-findfp.o) (__sread)
C:/ST/STM32CubeIDE_1.13.2/STM32CubeIDE/plugins/com.st.stm32cube.ide.mcu.externaltools.gnu-tools-for-stm32.12.3.rel1.win32_1.0.100.202403111256/tools/bin/../lib/gcc/arm-none-eabi/12.3.1/../../../../arm-none-eabi/lib/thumb/v7-m/nofp\libc_nano.a(libc_a-memset.o)
                              C:/ST/STM32CubeIDE_1.13.2/STM32CubeIDE/plugins/com.st.stm32cube.ide.mcu.externaltools.gnu-tools-for-stm32.12.3.rel1.win32_1.0.100.202403111256/tools/bin/../lib/gcc/arm-none-eabi/12.3.1/../../../../arm-none-eabi/lib/thumb/v7-m/nofp/crt0.o (memset)
C:/ST/STM32CubeIDE_1.13.2/STM32CubeIDE/plugins/com.st.stm32cube.ide.mcu.externaltools.gnu-tools-for-stm32.12.3.rel1.win32_1.0.100.202403111256/tools/bin/../lib/gcc/arm-none-eabi/12.3.1/../../../../arm-none-eabi/lib/thumb/v7-m/nofp\libc_nano.a(libc_a-closer.o)
                              C:/ST/STM32CubeIDE_1.13.2/STM32CubeIDE/plugins/com.st.stm32cube.ide.mcu.externaltools.gnu-tools-for-stm32.12.3.rel1.win32_1.0.100.202403111256/tools/bin/../lib/gcc/arm-none-eabi/12.3.1/../../../../arm-none-eabi/lib/thumb/v7-m/nofp\libc_nano.a(libc_a-stdio.o) (_close_r)
C:/ST/STM32CubeIDE_1.13.2/STM32CubeIDE/plugins/com.st.stm32cube.ide.mcu.externaltools.gnu-tools-for-stm32.12.3.rel1.win32_1.0.100.202403111256/tools/bin/../lib/gcc/arm-none-eabi/12.3.1/../../../../arm-none-eabi/lib/thumb/v7-m/nofp\libc_nano.a(libc_a-reent.o)
                              C:/ST/STM32CubeIDE_1.13.2/STM32CubeIDE/plugins/com.st.stm32cube.ide.mcu.externaltools.gnu-tools-for-stm32.12.3.rel1.win32_1.0.100.202403111256/tools/bin/../lib/gcc/arm-none-eabi/12.3.1/../../../../arm-none-eabi/lib/thumb/v7-m/nofp\libc_nano.a(libc_a-closer.o) (errno)
C:/ST/STM32CubeIDE_1.13.2/STM32CubeIDE/plugins/com.st.stm32cube.ide.mcu.externaltools.gnu-tools-for-stm32.12.3.rel1.win32_1.0.100.202403111256/tools/bin/../lib/gcc/arm-none-eabi/12.3.1/../../../../arm-none-eabi/lib/thumb/v7-m/nofp\libc_nano.a(libc_a-impure.o)
                              C:/ST/STM32CubeIDE_1.13.2/STM32CubeIDE/plugins/com.st.stm32cube.ide.mcu.externaltools.gnu-tools-for-stm32.12.3.rel1.win32_1.0.100.202403111256/tools/bin/../lib/gcc/arm-none-eabi/12.3.1/../../../../arm-none-eabi/lib/thumb/v7-m/nofp\libc_nano.a(libc_a-reent.o) (_impure_ptr)
C:/ST/STM32CubeIDE_1.13.2/STM32CubeIDE/plugins/com.st.stm32cube.ide.mcu.externaltools.gnu-tools-for-stm32.12.3.rel1.win32_1.0.100.202403111256/tools/bin/../lib/gcc/arm-none-eabi/12.3.1/../../../../arm-none-eabi/lib/thumb/v7-m/nofp\libc_nano.a(libc_a-lseekr.o)
[...]
Memory Configuration

Name             Origin             Length             Attributes
RAM              0x20000000         0x00005000         xrw
FLASH            0x08000000         0x00010000         xr
*default*        0x00000000         0xffffffff

Linker script and memory map

LOAD C:/ST/STM32CubeIDE_1.13.2/STM32CubeIDE/plugins/com.st.stm32cube.ide.mcu.externaltools.gnu-tools-for-stm32.12.3.rel1.win32_1.0.100.202403111256/tools/bin/../lib/gcc/arm-none-eabi/12.3.1/thumb/v7-m/nofp/crti.o
LOAD C:/ST/STM32CubeIDE_1.13.2/STM32CubeIDE/plugins/com.st.stm32cube.ide.mcu.externaltools.gnu-tools-for-stm32.12.3.rel1.win32_1.0.100.202403111256/tools/bin/../lib/gcc/arm-none-eabi/12.3.1/thumb/v7-m/nofp/crtbegin.o
LOAD C:/ST/STM32CubeIDE_1.13.2/STM32CubeIDE/plugins/com.st.stm32cube.ide.mcu.externaltools.gnu-tools-for-stm32.12.3.rel1.win32_1.0.100.202403111256/tools/bin/../lib/gcc/arm-none-eabi/12.3.1/../../../../arm-none-eabi/lib/thumb/v7-m/nofp/crt0.o
LOAD ./Src/CortexMxOsPorting.o
LOAD ./Src/Fifo.o
LOAD ./Src/Scheduler.o
LOAD ./Src/main.o
LOAD ./Startup/startup_stm32f103c8tx.o
START GROUP
LOAD C:/ST/STM32CubeIDE_1.13.2/STM32CubeIDE/plugins/com.st.stm32cube.ide.mcu.externaltools.gnu-tools-for-stm32.12.3.rel1.win32_1.0.100.202403111256/tools/bin/../lib/gcc/arm-none-eabi/12.3.1/../../../../arm-none-eabi/lib/thumb/v7-m/nofp\libc_nano.a
LOAD C:/ST/STM32CubeIDE_1.13.2/STM32CubeIDE/plugins/com.st.stm32cube.ide.mcu.externaltools.gnu-tools-for-stm32.12.3.rel1.win32_1.0.100.202403111256/tools/bin/../lib/gcc/arm-none-eabi/12.3.1/../../../../arm-none-eabi/lib/thumb/v7-m/nofp\libm.a
END GROUP
START GROUP
LOAD C:/ST/STM32CubeIDE_1.13.2/STM32CubeIDE/plugins/com.st.stm32cube.ide.mcu.externaltools.gnu-tools-for-stm32.12.3.rel1.win32_1.0.100.202403111256/tools/bin/../lib/gcc/arm-none-eabi/12.3.1/thumb/v7-m/nofp\libgcc.a
LOAD C:/ST/STM32CubeIDE_1.13.2/STM32CubeIDE/plugins/com.st.stm32cube.ide.mcu.externaltools.gnu-tools-for-stm32.12.3.rel1.win32_1.0.100.202403111256/tools/bin/../lib/gcc/arm-none-eabi/12.3.1/../../../../arm-none-eabi/lib/thumb/v7-m/nofp\libg_nano.a
LOAD C:/ST/STM32CubeIDE_1.13.2/STM32CubeIDE/plugins/com.st.stm32cube.ide.mcu.externaltools.gnu-tools-for-stm32.12.3.rel1.win32_1.0.100.202403111256/tools/bin/../lib/gcc/arm-none-eabi/12.3.1/../../../../arm-none-eabi/lib/thumb/v7-m/nofp\libc_nano.a
END GROUP
START GROUP
LOAD C:/ST/STM32CubeIDE_1.13.2/STM32CubeIDE/plugins/com.st.stm32cube.ide.mcu.externaltools.gnu-tools-for-stm32.12.3.rel1.win32_1.0.100.202403111256/tools/bin/../lib/gcc/arm-none-eabi/12.3.1/thumb/v7-m/nofp\libgcc.a
LOAD C:/ST/STM32CubeIDE_1.13.2/STM32CubeIDE/plugins/com.st.stm32cube.ide.mcu.externaltools.gnu-tools-for-stm32.12.3.rel1.win32_1.0.100.202403111256/tools/bin/../lib/gcc/arm-none-eabi/12.3.1/../../../../arm-none-eabi/lib/thumb/v7-m/nofp\libc_nano.a
LOAD C:/ST/STM32CubeIDE_1.13.2/STM32CubeIDE/plugins/com.st.stm32cube.ide.mcu.externaltools.gnu-tools-for-stm32.12.3.rel1.win32_1.0.100.202403111256/tools/bin/../lib/gcc/arm-none-eabi/12.3.1/../../../../arm-none-eabi/lib/thumb/v7-m/nofp\libnosys.a
END GROUP
START GROUP
LOAD C:/ST/STM32CubeIDE_1.13.2/STM32CubeIDE/plugins/com.st.stm32cube.ide.mcu.externaltools.gnu-tools-for-stm32.12.3.rel1.win32_1.0.100.202403111256/tools/bin/../lib/gcc/arm-none-eabi/12.3.1/thumb/v7-m/nofp\libgcc.a
LOAD C:/ST/STM32CubeIDE_1.13.2/STM32CubeIDE/plugins/com.st.stm32cube.ide.mcu.externaltools.gnu-tools-for-stm32.12.3.rel1.win32_1.0.100.202403111256/tools/bin/../lib/gcc/arm-none-eabi/12.3.1/../../../../arm-none-eabi/lib/thumb/v7-m/nofp\libc_nano.a
LOAD C:/ST/STM32CubeIDE_1.13.2/STM32CubeIDE/plugins/com.st.stm32cube.ide.mcu.externaltools.gnu-tools-for-stm32.12.3.rel1.win32_1.0.100.202403111256/tools/bin/../lib/gcc/arm-none-eabi/12.3.1/../../../../arm-none-eabi/lib/thumb/v7-m/nofp\libnosys.a
END GROUP
LOAD C:/ST/STM32CubeIDE_1.13.2/STM32CubeIDE/plugins/com.st.stm32cube.ide.mcu.externaltools.gnu-tools-for-stm32.12.3.rel1.win32_1.0.100.202403111256/tools/bin/../lib/gcc/arm-none-eabi/12.3.1/thumb/v7-m/nofp/crtend.o
LOAD C:/ST/STM32CubeIDE_1.13.2/STM32CubeIDE/plugins/com.st.stm32cube.ide.mcu.externaltools.gnu-tools-for-stm32.12.3.rel1.win32_1.0.100.202403111256/tools/bin/../lib/gcc/arm-none-eabi/12.3.1/thumb/v7-m/nofp/crtn.o
                0x20005000                        _estack = (ORIGIN (RAM) + LENGTH (RAM))
                0x00000200                        _Min_Heap_Size = 0x200
                0x00000400                        _Min_Stack_Size = 0x400

.isr_vector     0x08000000      0x130
                0x08000000                        . = ALIGN (0x4)
 *(.isr_vector)
 .isr_vector    0x08000000      0x130 ./Startup/startup_stm32f103c8tx.o
                0x08000000                g_pfnVectors
                0x08000130                        . = ALIGN (0x4)

.text           0x08000130      0xbac
                0x08000130                        . = ALIGN (0x4)
 *(.text)
 .text          0x08000130       0x40 C:/ST/STM32CubeIDE_1.13.2/STM32CubeIDE/plugins/com.st.stm32cube.ide.mcu.externaltools.gnu-tools-for-stm32.12.3.rel1.win32_1.0.100.202403111256/tools/bin/../lib/gcc/arm-none-eabi/12.3.1/thumb/v7-m/nofp/crtbegin.o
 .text          0x08000170       0x14 C:/ST/STM32CubeIDE_1.13.2/STM32CubeIDE/plugins/com.st.stm32cube.ide.mcu.externaltools.gnu-tools-for-stm32.12.3.rel1.win32_1.0.100.202403111256/tools/bin/../lib/gcc/arm-none-eabi/12.3.1/../../../../arm-none-eabi/lib/thumb/v7-m/nofp\libc_nano.a(libc_a-strcmp.o)
                0x08000170                strcmp
 *(.text*)
 .text.__NVIC_SetPriority
                0x08000184       0x54 ./Src/CortexMxOsPorting.o
 .text.SysTick_Config
                0x080001d8       0x44 ./Src/CortexMxOsPorting.o
 .text.HardFault_Handler
                0x0800021c        0x8 ./Src/CortexMxOsPorting.o
                0x0800021c                HardFault_Handler
 .text.MemManage_Handler
                0x08000224        0x8 ./Src/CortexMxOsPorting.o
                0x08000224                MemManage_Handler
 .text.BusFault_Handler
                0x0800022c        0x8 ./Src/CortexMxOsPorting.o
                0x0800022c                BusFault_Handler
 .text.UsageFault_Handler
                0x08000234        0x8 ./Src/CortexMxOsPorting.o
                0x08000234                UsageFault_Handler
 .text.SVC_Handler
                0x0800023c       0x14 ./Src/CortexMxOsPorting.o
                0x0800023c                SVC_Handler
 .text.HW_init  0x08000250       0x12 ./Src/CortexMxOsPorting.o
                0x08000250                HW_init
 *fill*         0x08000262        0x2 
 .text.triggerOsPendSV
                0x08000264       0x1c ./Src/CortexMxOsPorting.o
                0x08000264                triggerOsPendSV
 .text.StartTicker
                0x08000280       0x10 ./Src/CortexMxOsPorting.o
                0x08000280                StartTicker
 .text.SysTick_Handler
                0x08000290       0x24 ./Src/CortexMxOsPorting.o
                0x08000290                SysTick_Handler
 .text.FIFO_uddtInitBuffer
                0x080002b4       0x44 ./Src/Fifo.o
                0x080002b4                FIFO_uddtInitBuffer
 .text.FIFO_uddtEnqueue
                0x080002f8       0x84 ./Src/Fifo.o
                0x080002f8                FIFO_uddtEnqueue
 .text.FIFO_uddtDequeue
                0x0800037c       0x7a ./Src/Fifo.o
                0x0800037c                FIFO_uddtDequeue
 *fill*         0x080003f6        0x2 
 .text.PendSV_Handler
                0x080003f8      0x1b8 ./Src/Scheduler.o
                0x080003f8                PendSV_Handler
 .text.SherifOS_CreateMainStack
                0x080005b0       0x3c ./Src/Scheduler.o
                0x080005b0                SherifOS_CreateMainStack
 .text.SherifOS_init
                0x080005ec       0x80 ./Src/Scheduler.o
                0x080005ec                SherifOS_init
 .text.IdleTask
                0x0800066c       0x1c ./Src/Scheduler.o
                0x0800066c                IdleTask
 .text.SherifOS_CreateTaskStack
                0x08000688       0x7e ./Src/Scheduler.o
                0x08000688                SherifOS_CreateTaskStack
 *fill*         0x08000706        0x2 
 .text.SherifOS_CreateTask
                0x08000708       0x7c ./Src/Scheduler.o
                0x08000708                SherifOS_CreateTask
 .text.BubbleSort
                0x08000784       0x90 ./Src/Scheduler.o
                0x08000784                BubbleSort
 .text.SherifOS_UpdateSchedulerTable
                0x08000814       0xd8 ./Src/Scheduler.o
                0x08000814                SherifOS_UpdateSchedulerTable
 .text.DecideWhatNext
                0x080008ec       0xa4 ./Src/Scheduler.o
                0x080008ec                DecideWhatNext
 .text.SherifOS_SVC_Services
                0x08000990       0x64 ./Src/Scheduler.o
                0x08000990                SherifOS_SVC_Services
 .text.SherifOS_SVC_Set
                0x080009f4       0x34 ./Src/Scheduler.o
                0x080009f4                SherifOS_SVC_Set
 .text.SherifOS_ActivateTask
                0x08000a28       0x24 ./Src/Scheduler.o
                0x08000a28                SherifOS_ActivateTask
 .text.SherifOS_StartOs
                0x08000a4c       0x70 ./Src/Scheduler.o
                0x08000a4c                SherifOS_StartOs
 .text.task1    0x08000abc       0x18 ./Src/main.o
                0x08000abc                task1
 .text.task2    0x08000ad4       0x18 ./Src/main.o
                0x08000ad4                task2
 .text.task3    0x08000aec       0x18 ./Src/main.o
                0x08000aec                task3
 .text.main     0x08000b04      0x124 ./Src/main.o
                0x08000b04                main
 .text.Reset_Handler
                0x08000c28       0x50 ./Startup/startup_stm32f103c8tx.o
                0x08000c28                Reset_Handler
 .text.Default_Handler
                0x08000c78        0x2 ./Startup/startup_stm32f103c8tx.o
                0x08000c78                EXTI2_IRQHandler
                0x08000c78                TIM8_TRG_COM_IRQHandler
                0x08000c78                TIM8_CC_IRQHandler
                0x08000c78                DebugMon_Handler
                0x08000c78                TIM1_CC_IRQHandler
                0x08000c78                TIM6_IRQHandler
                0x08000c78                PVD_IRQHandler
                0x08000c78                SDIO_IRQHandler
                0x08000c78                NMI_Handler
                0x08000c78                EXTI3_IRQHandler
                0x08000c78                USB_HP_CAN_TX_IRQHandler
                0x08000c78                EXTI0_IRQHandler
                0x08000c78                I2C2_EV_IRQHandler
                0x08000c78                ADC1_2_IRQHandler
                0x08000c78                SPI1_IRQHandler
                0x08000c78                CAN_SCE_IRQHandler
                0x08000c78                TAMPER_IRQHandler
                0x08000c78                TIM8_UP_IRQHandler
                0x08000c78                DMA2_Channel2_IRQHandler
                0x08000c78                DMA1_Channel4_IRQHandler
                0x08000c78                USART3_IRQHandler
                0x08000c78                RTC_IRQHandler
                0x08000c78                DMA1_Channel7_IRQHandler
                0x08000c78                UART5_IRQHandler
                0x08000c78                ADC3_IRQHandler
                0x08000c78                TIM4_IRQHandler
                0x08000c78                CAN_RX1_IRQHandler
                0x08000c78                DMA2_Channel1_IRQHandler
                0x08000c78                I2C1_EV_IRQHandler
                0x08000c78                DMA1_Channel6_IRQHandler
                0x08000c78                UART4_IRQHandler
                0x08000c78                TIM3_IRQHandler
                0x08000c78                RCC_IRQHandler
                0x08000c78                TIM1_TRG_COM_IRQHandler
                0x08000c78                DMA1_Channel1_IRQHandler
                0x08000c78                Default_Handler
                0x08000c78                EXTI15_10_IRQHandler
                0x08000c78                TIM7_IRQHandler
                0x08000c78                TIM5_IRQHandler
                0x08000c78                EXTI9_5_IRQHandler
                0x08000c78                SPI2_IRQHandler
                0x08000c78                USB_LP_CAN_RX0_IRQHandler
                0x08000c78                DMA1_Channel5_IRQHandler
                0x08000c78                EXTI4_IRQHandler
                0x08000c78                DMA1_Channel3_IRQHandler
                0x08000c78                FSMC_IRQHandler
                0x08000c78                TIM1_UP_IRQHandler
                0x08000c78                WWDG_IRQHandler
                0x08000c78                TIM2_IRQHandler
                0x08000c78                TIM1_BRK_IRQHandler
                0x08000c78                EXTI1_IRQHandler
                0x08000c78                RTCAlarm_IRQHandler
                0x08000c78                DMA2_Channel4_5_IRQHandler
                0x08000c78                USART2_IRQHandler
                0x08000c78                I2C2_ER_IRQHandler
                0x08000c78                DMA1_Channel2_IRQHandler
                0x08000c78                TIM8_BRK_IRQHandler
                0x08000c78                FLASH_IRQHandler
                0x08000c78                USART1_IRQHandler
                0x08000c78                SPI3_IRQHandler
                0x08000c78                I2C1_ER_IRQHandler
                0x08000c78                DMA2_Channel3_IRQHandler
 *fill*         0x08000c7a        0x2 
 .text.__libc_init_array
                0x08000c7c       0x48 C:/ST/STM32CubeIDE_1.13.2/STM32CubeIDE/plugins/com.st.stm32cube.ide.mcu.externaltools.gnu-tools-for-stm32.12.3.rel1.win32_1.0.100.202403111256/tools/bin/../lib/gcc/arm-none-eabi/12.3.1/../../../../arm-none-eabi/lib/thumb/v7-m/nofp\libc_nano.a(libc_a-init.o)
                0x08000c7c                __libc_init_array
 *(.glue_7)
 .glue_7        0x08000cc4        0x0 linker stubs
 *(.glue_7t)
 .glue_7t       0x08000cc4        0x0 linker stubs
 *(.eh_frame)
 .eh_frame      0x08000cc4        0x0 C:/ST/STM32CubeIDE_1.13.2/STM32CubeIDE/plugins/com.st.stm32cube.ide.mcu.externaltools.gnu-tools-for-stm32.12.3.rel1.win32_1.0.100.202403111256/tools/bin/../lib/gcc/arm-none-eabi/12.3.1/thumb/v7-m/nofp/crtbegin.o
 *(.init)
 .init          0x08000cc4        0x4 C:/ST/STM32CubeIDE_1.13.2/STM32CubeIDE/plugins/com.st.stm32cube.ide.mcu.externaltools.gnu-tools-for-stm32.12.3.rel1.win32_1.0.100.202403111256/tools/bin/../lib/gcc/arm-none-eabi/12.3.1/thumb/v7-m/nofp/crti.o
                0x08000cc4                _init
 .init          0x08000cc8        0x8 C:/ST/STM32CubeIDE_1.13.2/STM32CubeIDE/plugins/com.st.stm32cube.ide.mcu.externaltools.gnu-tools-for-stm32.12.3.rel1.win32_1.0.100.202403111256/tools/bin/../lib/gcc/arm-none-eabi/12.3.1/thumb/v7-m/nofp/crtn.o
 *(.fini)
 .fini          0x08000cd0        0x4 C:/ST/STM32CubeIDE_1.13.2/STM32CubeIDE/plugins/com.st.stm32cube.ide.mcu.externaltools.gnu-tools-for-stm32.12.3.rel1.win32_1.0.100.202403111256/tools/bin/../lib/gcc/arm-none-eabi/12.3.1/thumb/v7-m/nofp/crti.o
                0x08000cd0                _fini
 .fini          0x08000cd4        0x8 C:/ST/STM32CubeIDE_1.13.2/STM32CubeIDE/plugins/com.st.stm32cube.ide.mcu.externaltools.gnu-tools-for-stm32.12.3.rel1.win32_1.0.100.202403111256/tools/bin/../lib/gcc/arm-none-eabi/12.3.1/thumb/v7-m/nofp/crtn.o
                0x08000cdc                        . = ALIGN (0x4)
                0x08000cdc                        _etext = .

.vfp11_veneer   0x08000cdc        0x0
 .vfp11_veneer  0x08000cdc        0x0 linker stubs

.v4_bx          0x08000cdc        0x0
 .v4_bx         0x08000cdc        0x0 linker stubs

.iplt           0x08000cdc        0x0
 .iplt          0x08000cdc        0x0 C:/ST/STM32CubeIDE_1.13.2/STM32CubeIDE/plugins/com.st.stm32cube.ide.mcu.externaltools.gnu-tools-for-stm32.12.3.rel1.win32_1.0.100.202403111256/tools/bin/../lib/gcc/arm-none-eabi/12.3.1/thumb/v7-m/nofp/crtbegin.o

.rodata         0x08000cdc       0x24
                0x08000cdc                        . = ALIGN (0x4)
 *(.rodata)
 .rodata        0x08000cdc        0x9 ./Src/Scheduler.o
 *fill*         0x08000ce5        0x3 
 .rodata        0x08000ce8       0x16 ./Src/main.o
 *(.rodata*)
                0x08000d00                        . = ALIGN (0x4)
 *fill*         0x08000cfe        0x2 

.ARM.extab      0x08000d00        0x0
                0x08000d00                        . = ALIGN (0x4)
 *(.ARM.extab* .gnu.linkonce.armextab.*)
                0x08000d00                        . = ALIGN (0x4)

.ARM            0x08000d00        0x8
                0x08000d00                        . = ALIGN (0x4)
                0x08000d00                        __exidx_start = .
 *(.ARM.exidx*)
 .ARM.exidx     0x08000d00        0x8 C:/ST/STM32CubeIDE_1.13.2/STM32CubeIDE/plugins/com.st.stm32cube.ide.mcu.externaltools.gnu-tools-for-stm32.12.3.rel1.win32_1.0.100.202403111256/tools/bin/../lib/gcc/arm-none-eabi/12.3.1/../../../../arm-none-eabi/lib/thumb/v7-m/nofp\libc_nano.a(libc_a-strcmp.o)
                0x08000d08                        __exidx_end = .
                0x08000d08                        . = ALIGN (0x4)

.preinit_array  0x08000d08        0x0
                0x08000d08                        . = ALIGN (0x4)
                0x08000d08                        PROVIDE (__preinit_array_start = .)
 *(.preinit_array*)
                0x08000d08                        PROVIDE (__preinit_array_end = .)
                0x08000d08                        . = ALIGN (0x4)

.init_array     0x08000d08        0x4
                0x08000d08                        . = ALIGN (0x4)
                0x08000d08                        PROVIDE (__init_array_start = .)
 *(SORT_BY_NAME(.init_array.*))
 *(.init_array*)
 .init_array    0x08000d08        0x4 C:/ST/STM32CubeIDE_1.13.2/STM32CubeIDE/plugins/com.st.stm32cube.ide.mcu.externaltools.gnu-tools-for-stm32.12.3.rel1.win32_1.0.100.202403111256/tools/bin/../lib/gcc/arm-none-eabi/12.3.1/thumb/v7-m/nofp/crtbegin.o
                0x08000d0c                        PROVIDE (__init_array_end = .)
                0x08000d0c                        . = ALIGN (0x4)

.fini_array     0x08000d0c        0x4
                0x08000d0c                        . = ALIGN (0x4)
                [!provide]                        PROVIDE (__fini_array_start = .)
 *(SORT_BY_NAME(.fini_array.*))
 *(.fini_array*)
 .fini_array    0x08000d0c        0x4 C:/ST/STM32CubeIDE_1.13.2/STM32CubeIDE/plugins/com.st.stm32cube.ide.mcu.externaltools.gnu-tools-for-stm32.12.3.rel1.win32_1.0.100.202403111256/tools/bin/../lib/gcc/arm-none-eabi/12.3.1/thumb/v7-m/nofp/crtbegin.o
                [!provide]                        PROVIDE (__fini_array_end = .)
                0x08000d10                        . = ALIGN (0x4)
                0x08000d10                        _sidata = LOADADDR (.data)

.rel.dyn        0x08000d10        0x0
 .rel.iplt      0x08000d10        0x0 C:/ST/STM32CubeIDE_1.13.2/STM32CubeIDE/plugins/com.st.stm32cube.ide.mcu.externaltools.gnu-tools-for-stm32.12.3.rel1.win32_1.0.100.202403111256/tools/bin/../lib/gcc/arm-none-eabi/12.3.1/thumb/v7-m/nofp/crtbegin.o

.data           0x20000000        0x0 load address 0x08000d10
                0x20000000                        . = ALIGN (0x4)
                0x20000000                        _sdata = .
 *(.data)
 *(.data*)
 *(.RamFunc)
 *(.RamFunc*)
                0x20000000                        . = ALIGN (0x4)
                0x20000000                        _edata = .

.igot.plt       0x20000000        0x0 load address 0x08000d10
 .igot.plt      0x20000000        0x0 C:/ST/STM32CubeIDE_1.13.2/STM32CubeIDE/plugins/com.st.stm32cube.ide.mcu.externaltools.gnu-tools-for-stm32.12.3.rel1.win32_1.0.100.202403111256/tools/bin/../lib/gcc/arm-none-eabi/12.3.1/thumb/v7-m/nofp/crtbegin.o
                0x20000000                        . = ALIGN (0x4)

.bss            0x20000000      0x488 load address 0x08000d10
                0x20000000                        _sbss = .
                0x20000000                        __bss_start__ = _sbss
 *(.bss)
 .bss           0x20000000       0x1c C:/ST/STM32CubeIDE_1.13.2/STM32CubeIDE/plugins/com.st.stm32cube.ide.mcu.externaltools.gnu-tools-for-stm32.12.3.rel1.win32_1.0.100.202403111256/tools/bin/../lib/gcc/arm-none-eabi/12.3.1/thumb/v7-m/nofp/crtbegin.o
 *(.bss*)
 .bss.SystickLed
                0x2000001c        0x1 ./Src/CortexMxOsPorting.o
                0x2000001c                SystickLed
 *fill*         0x2000001d        0x3 
 .bss.OSControl
                0x20000020      0x1ac ./Src/Scheduler.o
                0x20000020                OSControl
 .bss.ReadyQueue
                0x200001cc       0x14 ./Src/Scheduler.o
                0x200001cc                ReadyQueue
 .bss.ReadyQueueFIFO
                0x200001e0      0x190 ./Src/Scheduler.o
                0x200001e0                ReadyQueueFIFO
 .bss.SherifOS_IdleTask
                0x20000370       0x44 ./Src/Scheduler.o
                0x20000370                SherifOS_IdleTask
 .bss.IdleTaskLed
                0x200003b4        0x1 ./Src/Scheduler.o
                0x200003b4                IdleTaskLed
 *fill*         0x200003b5        0x3 
 .bss.Task1     0x200003b8       0x44 ./Src/main.o
                0x200003b8                Task1
 .bss.Task2     0x200003fc       0x44 ./Src/main.o
                0x200003fc                Task2
 .bss.Task3     0x20000440       0x44 ./Src/main.o
                0x20000440                Task3
 .bss.Task1Led  0x20000484        0x1 ./Src/main.o
                0x20000484                Task1Led
 .bss.Task2Led  0x20000485        0x1 ./Src/main.o
                0x20000485                Task2Led
 .bss.Task3Led  0x20000486        0x1 ./Src/main.o
                0x20000486                Task3Led
 *(COMMON)
                0x20000488                        . = ALIGN (0x4)
 *fill*         0x20000487        0x1 
                0x20000488                        _ebss = .
                0x20000488                        __bss_end__ = _ebss

._user_heap_stack
                0x20000488      0x600 load address 0x08000d10
                0x20000488                        . = ALIGN (0x8)
                0x20000488                        PROVIDE (end = .)
                [!provide]                        PROVIDE (_end = .)
                0x20000688                        . = (. + _Min_Heap_Size)
 *fill*         0x20000488      0x200 
                0x20000a88                        . = (. + _Min_Stack_Size)
 *fill*         0x20000688      0x400 
                0x20000a88                        . = ALIGN (0x8)
                0x20000a88                        _eheap = .

/DISCARD/
 libc.a(*)
 libm.a(*)
 libgcc.a(*)

.ARM.attributes
                0x00000000       0x29
 *(.ARM.attributes)
 .ARM.attributes
                0x00000000       0x1d C:/ST/STM32CubeIDE_1.13.2/STM32CubeIDE/plugins/com.st.stm32cube.ide.mcu.externaltools.gnu-tools-for-stm32.12.3.rel1.win32_1.0.100.202403111256/tools/bin/../lib/gcc/arm-none-eabi/12.3.1/thumb/v7-m/nofp/crti.o
 .ARM.attributes
                0x0000001d       0x2d C:/ST/STM32CubeIDE_1.13.2/STM32CubeIDE/plugins/com.st.stm32cube.ide.mcu.externaltools.gnu-tools-for-stm32.12.3.rel1.win32_1.0.100.202403111256/tools/bin/../lib/gcc/arm-none-eabi/12.3.1/thumb/v7-m/nofp/crtbegin.o
 .ARM.attributes
                0x0000004a       0x2d ./Src/CortexMxOsPorting.o
 .ARM.attributes
                0x00000077       0x2d ./Src/Fifo.o
 .ARM.attributes
                0x000000a4       0x2d ./Src/Scheduler.o
 .ARM.attributes
                0x000000d1       0x2d ./Src/main.o
 .ARM.attributes
                0x000000fe       0x21 ./Startup/startup_stm32f103c8tx.o
 .ARM.attributes
                0x0000011f       0x2d C:/ST/STM32CubeIDE_1.13.2/STM32CubeIDE/plugins/com.st.stm32cube.ide.mcu.externaltools.gnu-tools-for-stm32.12.3.rel1.win32_1.0.100.202403111256/tools/bin/../lib/gcc/arm-none-eabi/12.3.1/../../../../arm-none-eabi/lib/thumb/v7-m/nofp\libc_nano.a(libc_a-init.o)
 .ARM.attributes
                0x0000014c       0x1b C:/ST/STM32CubeIDE_1.13.2/STM32CubeIDE/plugins/com.st.stm32cube.ide.mcu.externaltools.gnu-tools-for-stm32.12.3.rel1.win32_1.0.100.202403111256/tools/bin/../lib/gcc/arm-none-eabi/12.3.1/../../../../arm-none-eabi/lib/thumb/v7-m/nofp\libc_nano.a(libc_a-strcmp.o)
 .ARM.attributes
                0x00000167       0x1d C:/ST/STM32CubeIDE_1.13.2/STM32CubeIDE/plugins/com.st.stm32cube.ide.mcu.externaltools.gnu-tools-for-stm32.12.3.rel1.win32_1.0.100.202403111256/tools/bin/../lib/gcc/arm-none-eabi/12.3.1/thumb/v7-m/nofp/crtn.o
OUTPUT(13_SherifOS.axf elf32-littlearm)
LOAD linker stubs
LOAD C:/ST/STM32CubeIDE_1.13.2/STM32CubeIDE/plugins/com.st.stm32cube.ide.mcu.externaltools.gnu-tools-for-stm32.12.3.rel1.win32_1.0.100.202403111256/tools/bin/../lib/gcc/arm-none-eabi/12.3.1/../../../../arm-none-eabi/lib/thumb/v7-m/nofp\libc.a
LOAD C:/ST/STM32CubeIDE_1.13.2/STM32CubeIDE/plugins/com.st.stm32cube.ide.mcu.externaltools.gnu-tools-for-stm32.12.3.rel1.win32_1.0.100.202403111256/tools/bin/../lib/gcc/arm-none-eabi/12.3.1/../../../../arm-none-eabi/lib/thumb/v7-m/nofp\libm.a
LOAD C:/ST/STM32CubeIDE_1.13.2/STM32CubeIDE/plugins/com.st.stm32cube.ide.mcu.externaltools.gnu-tools-for-stm32.12.3.rel1.win32_1.0.100.202403111256/tools/bin/../lib/gcc/arm-none-eabi/12.3.1/thumb/v7-m/nofp\libgcc.a

.debug_info     0x00000000     0x14e5
 .debug_info    0x00000000      0x64e ./Src/CortexMxOsPorting.o
 .debug_info    0x0000064e      0x382 ./Src/Fifo.o
 .debug_info    0x000009d0      0x78f ./Src/Scheduler.o
 .debug_info    0x0000115f      0x356 ./Src/main.o
 .debug_info    0x000014b5       0x30 ./Startup/startup_stm32f103c8tx.o

.debug_abbrev   0x00000000      0x6cc
 .debug_abbrev  0x00000000      0x1e2 ./Src/CortexMxOsPorting.o
 .debug_abbrev  0x000001e2       0xe7 ./Src/Fifo.o
 .debug_abbrev  0x000002c9      0x28e ./Src/Scheduler.o
 .debug_abbrev  0x00000557      0x158 ./Src/main.o
 .debug_abbrev  0x000006af       0x1d ./Startup/startup_stm32f103c8tx.o

.debug_loc      0x00000000      0x83c
 .debug_loc     0x00000000      0x224 ./Src/CortexMxOsPorting.o
 .debug_loc     0x00000224      0x170 ./Src/Fifo.o
 .debug_loc     0x00000394      0x3ec ./Src/Scheduler.o
 .debug_loc     0x00000780       0xbc ./Src/main.o

.debug_aranges  0x00000000      0x190
 .debug_aranges
                0x00000000       0x70 ./Src/CortexMxOsPorting.o
 .debug_aranges
                0x00000070       0x38 ./Src/Fifo.o
 .debug_aranges
                0x000000a8       0x88 ./Src/Scheduler.o
 .debug_aranges
                0x00000130       0x38 ./Src/main.o
 .debug_aranges
                0x00000168       0x28 ./Startup/startup_stm32f103c8tx.o

.debug_ranges   0x00000000      0x148
 .debug_ranges  0x00000000       0x60 ./Src/CortexMxOsPorting.o
 .debug_ranges  0x00000060       0x28 ./Src/Fifo.o
 .debug_ranges  0x00000088       0x78 ./Src/Scheduler.o
 .debug_ranges  0x00000100       0x28 ./Src/main.o
 .debug_ranges  0x00000128       0x20 ./Startup/startup_stm32f103c8tx.o

.debug_macro    0x00000000     0x3264
 .debug_macro   0x00000000       0xbd ./Src/CortexMxOsPorting.o
 .debug_macro   0x000000bd      0xaae ./Src/CortexMxOsPorting.o
 .debug_macro   0x00000b6b       0x28 ./Src/CortexMxOsPorting.o
 .debug_macro   0x00000b93       0x22 ./Src/CortexMxOsPorting.o
 .debug_macro   0x00000bb5       0x8e ./Src/CortexMxOsPorting.o
 .debug_macro   0x00000c43       0x51 ./Src/CortexMxOsPorting.o
 .debug_macro   0x00000c94      0x103 ./Src/CortexMxOsPorting.o
 .debug_macro   0x00000d97       0x6a ./Src/CortexMxOsPorting.o
 .debug_macro   0x00000e01      0x1df ./Src/CortexMxOsPorting.o
 .debug_macro   0x00000fe0       0x1c ./Src/CortexMxOsPorting.o
 .debug_macro   0x00000ffc       0x22 ./Src/CortexMxOsPorting.o
 .debug_macro   0x0000101e       0xdf ./Src/CortexMxOsPorting.o
 .debug_macro   0x000010fd      0xe3c ./Src/CortexMxOsPorting.o
 .debug_macro   0x00001f39       0x34 ./Src/CortexMxOsPorting.o
 .debug_macro   0x00001f6d      0x1bd ./Src/Fifo.o
 .debug_macro   0x0000212a       0x5b ./Src/Fifo.o
 .debug_macro   0x00002185       0x24 ./Src/Fifo.o
 .debug_macro   0x000021a9       0x94 ./Src/Fifo.o
 .debug_macro   0x0000223d       0x43 ./Src/Fifo.o
 .debug_macro   0x00002280       0x34 ./Src/Fifo.o
 .debug_macro   0x000022b4       0x16 ./Src/Fifo.o
 .debug_macro   0x000022ca       0x57 ./Src/Fifo.o
 .debug_macro   0x00002321       0x9e ./Src/Fifo.o
 .debug_macro   0x000023bf      0x369 ./Src/Fifo.o
 .debug_macro   0x00002728      0x10b ./Src/Fifo.o
 .debug_macro   0x00002833       0x10 ./Src/Fifo.o
 .debug_macro   0x00002843       0x16 ./Src/Fifo.o
 .debug_macro   0x00002859       0x43 ./Src/Fifo.o
 .debug_macro   0x0000289c       0x34 ./Src/Fifo.o
 .debug_macro   0x000028d0       0x10 ./Src/Fifo.o
 .debug_macro   0x000028e0       0x58 ./Src/Fifo.o
 .debug_macro   0x00002938       0x8e ./Src/Fifo.o
 .debug_macro   0x000029c6       0x1c ./Src/Fifo.o
 .debug_macro   0x000029e2      0x177 ./Src/Fifo.o
 .debug_macro   0x00002b59       0x16 ./Src/Fifo.o
 .debug_macro   0x00002b6f       0x16 ./Src/Fifo.o
 .debug_macro   0x00002b85      0x146 ./Src/Fifo.o
 .debug_macro   0x00002ccb       0x10 ./Src/Fifo.o
 .debug_macro   0x00002cdb      0x1f1 ./Src/Scheduler.o
 .debug_macro   0x00002ecc       0x16 ./Src/Scheduler.o
 .debug_macro   0x00002ee2       0x35 ./Src/Scheduler.o
 .debug_macro   0x00002f17       0x20 ./Src/Scheduler.o
 .debug_macro   0x00002f37      0x194 ./Src/main.o
 .debug_macro   0x000030cb      0x189 ./Src/main.o
 .debug_macro   0x00003254       0x10 ./Src/main.o

.debug_line     0x00000000     0x22ce
 .debug_line    0x00000000      0x69c ./Src/CortexMxOsPorting.o
 .debug_line    0x0000069c      0x821 ./Src/Fifo.o
 .debug_line    0x00000ebd      0xc16 ./Src/Scheduler.o
 .debug_line    0x00001ad3      0x777 ./Src/main.o
 .debug_line    0x0000224a       0x84 ./Startup/startup_stm32f103c8tx.o

.debug_str      0x00000000     0xd868
 .debug_str     0x00000000     0x9912 ./Src/CortexMxOsPorting.o
                               0x9aad (size before relaxing)
 .debug_str     0x00009912     0x3ba9 ./Src/Fifo.o
                               0xd3da (size before relaxing)
 .debug_str     0x0000d4bb      0x313 ./Src/Scheduler.o
                               0xd6fd (size before relaxing)
 .debug_str     0x0000d7ce       0x5b ./Src/main.o
                               0xcdf7 (size before relaxing)
 .debug_str     0x0000d829       0x3f ./Startup/startup_stm32f103c8tx.o
                                 0xa3 (size before relaxing)

.comment        0x00000000       0x43
 .comment       0x00000000       0x43 ./Src/CortexMxOsPorting.o
                                 0x44 (size before relaxing)
 .comment       0x00000043       0x44 ./Src/Fifo.o
 .comment       0x00000043       0x44 ./Src/Scheduler.o
 .comment       0x00000043       0x44 ./Src/main.o

.debug_frame    0x00000000      0x4a0
 .debug_frame   0x00000000      0x140 ./Src/CortexMxOsPorting.o
 .debug_frame   0x00000140       0xb0 ./Src/Fifo.o
 .debug_frame   0x000001f0      0x1ec ./Src/Scheduler.o
 .debug_frame   0x000003dc       0x78 ./Src/main.o
 .debug_frame   0x00000454       0x2c C:/ST/STM32CubeIDE_1.13.2/STM32CubeIDE/plugins/com.st.stm32cube.ide.mcu.externaltools.gnu-tools-for-stm32.12.3.rel1.win32_1.0.100.202403111256/tools/bin/../lib/gcc/arm-none-eabi/12.3.1/../../../../arm-none-eabi/lib/thumb/v7-m/nofp\libc_nano.a(libc_a-init.o)
 .debug_frame   0x00000480       0x20 C:/ST/STM32CubeIDE_1.13.2/STM32CubeIDE/plugins/com.st.stm32cube.ide.mcu.externaltools.gnu-tools-for-stm32.12.3.rel1.win32_1.0.100.202403111256/tools/bin/../lib/gcc/arm-none-eabi/12.3.1/../../../../arm-none-eabi/lib/thumb/v7-m/nofp\libc_nano.a(libc_a-strcmp.o)
