Archive member included to satisfy reference by file (symbol)

C:/ST/STM32CubeIDE_1.13.2/STM32CubeIDE/plugins/com.st.stm32cube.ide.mcu.externaltools.gnu-tools-for-stm32.12.3.rel1.win32_1.0.100.202403111256/tools/bin/../lib/gcc/arm-none-eabi/12.3.1/../../../../arm-none-eabi/lib/thumb/v7-m/nofp\libc_nano.a(libc_a-exit.o)
                              C:/ST/STM32CubeIDE_1.13.2/STM32CubeIDE/plugins/com.st.stm32cube.ide.mcu.externaltools.gnu-tools-for-stm32.12.3.rel1.win32_1.0.100.202403111256/tools/bin/../lib/gcc/arm-none-eabi/12.3.1/../../../../arm-none-eabi/lib/thumb/v7-m/nofp/crt0.o (exit)
C:/ST/STM32CubeIDE_1.13.2/STM32CubeIDE/plugins/com.st.stm32cube.ide.mcu.externaltools.gnu-tools-for-stm32.12.3.rel1.win32_1.0.100.202403111256/tools/bin/../lib/gcc/arm-none-eabi/12.3.1/../../../../arm-none-eabi/lib/thumb/v7-m/nofp\libc_nano.a(libc_a-findfp.o)
                              C:/ST/STM32CubeIDE_1.13.2/STM32CubeIDE/plugins/com.st.stm32cube.ide.mcu.externaltools.gnu-tools-for-stm32.12.3.rel1.win32_1.0.100.202403111256/tools/bin/../lib/gcc/arm-none-eabi/12.3.1/../../../../arm-none-eabi/lib/thumb/v7-m/nofp\libc_nano.a(libc_a-exit.o) (__stdio_exit_handler)
C:/ST/STM32CubeIDE_1.13.2/STM32CubeIDE/plugins/com.st.stm32cube.ide.mcu.externaltools.gnu-tools-for-stm32.12.3.rel1.win32_1.0.100.202403111256/tools/bin/../lib/gcc/arm-none-eabi/12.3.1/../../../../arm-none-eabi/lib/thumb/v7-m/nofp\libc_nano.a(libc_a-fwalk.o)
                              C:/ST/STM32CubeIDE_1.13.2/STM32CubeIDE/plugins/com.st.stm32cube.ide.mcu.externaltools.gnu-tools-for-stm32.12.3.rel1.win32_1.0.100.202403111256/tools/bin/../lib/gcc/arm-none-eabi/12.3.1/../../../../arm-none-eabi/lib/thumb/v7-m/nofp\libc_nano.a(libc_a-findfp.o) (_fwalk_sglue)
C:/ST/STM32CubeIDE_1.13.2/STM32CubeIDE/plugins/com.st.stm32cube.ide.mcu.externaltools.gnu-tools-for-stm32.12.3.rel1.win32_1.0.100.202403111256/tools/bin/../lib/gcc/arm-none-eabi/12.3.1/../../../../arm-none-eabi/lib/thumb/v7-m/nofp\libc_nano.a(libc_a-printf.o)
                              ./Src/Fifo.o (printf)
C:/ST/STM32CubeIDE_1.13.2/STM32CubeIDE/plugins/com.st.stm32cube.ide.mcu.externaltools.gnu-tools-for-stm32.12.3.rel1.win32_1.0.100.202403111256/tools/bin/../lib/gcc/arm-none-eabi/12.3.1/../../../../arm-none-eabi/lib/thumb/v7-m/nofp\libc_nano.a(libc_a-puts.o)
                              ./Src/Fifo.o (puts)
C:/ST/STM32CubeIDE_1.13.2/STM32CubeIDE/plugins/com.st.stm32cube.ide.mcu.externaltools.gnu-tools-for-stm32.12.3.rel1.win32_1.0.100.202403111256/tools/bin/../lib/gcc/arm-none-eabi/12.3.1/../../../../arm-none-eabi/lib/thumb/v7-m/nofp\libc_nano.a(libc_a-stdio.o)
                              C:/ST/STM32CubeIDE_1.13.2/STM32CubeIDE/plugins/com.st.stm32cube.ide.mcu.externaltools.gnu-tools-for-stm32.12.3.rel1.win32_1.0.100.202403111256/tools/bin/../lib/gcc/arm-none-eabi/12.3.1/../../../../arm-none-eabi/lib/thumb/v7-m/nofp\libc_nano.a(libc_a-findfp.o) (__sread)
C:/ST/STM32CubeIDE_1.13.2/STM32CubeIDE/plugins/com.st.stm32cube.ide.mcu.externaltools.gnu-tools-for-stm32.12.3.rel1.win32_1.0.100.202403111256/tools/bin/../lib/gcc/arm-none-eabi/12.3.1/../../../../arm-none-eabi/lib/thumb/v7-m/nofp\libc_nano.a(libc_a-wbuf.o)
                              C:/ST/STM32CubeIDE_1.13.2/STM32CubeIDE/plugins/com.st.stm32cube.ide.mcu.externaltools.gnu-tools-for-stm32.12.3.rel1.win32_1.0.100.202403111256/tools/bin/../lib/gcc/arm-none-eabi/12.3.1/../../../../arm-none-eabi/lib/thumb/v7-m/nofp\libc_nano.a(libc_a-puts.o) (__swbuf_r)
C:/ST/STM32CubeIDE_1.13.2/STM32CubeIDE/plugins/com.st.stm32cube.ide.mcu.externaltools.gnu-tools-for-stm32.12.3.rel1.win32_1.0.100.202403111256/tools/bin/../lib/gcc/arm-none-eabi/12.3.1/../../../../arm-none-eabi/lib/thumb/v7-m/nofp\libc_nano.a(libc_a-wsetup.o)
                              C:/ST/STM32CubeIDE_1.13.2/STM32CubeIDE/plugins/com.st.stm32cube.ide.mcu.externaltools.gnu-tools-for-stm32.12.3.rel1.win32_1.0.100.202403111256/tools/bin/../lib/gcc/arm-none-eabi/12.3.1/../../../../arm-none-eabi/lib/thumb/v7-m/nofp\libc_nano.a(libc_a-puts.o) (__swsetup_r)
C:/ST/STM32CubeIDE_1.13.2/STM32CubeIDE/plugins/com.st.stm32cube.ide.mcu.externaltools.gnu-tools-for-stm32.12.3.rel1.win32_1.0.100.202403111256/tools/bin/../lib/gcc/arm-none-eabi/12.3.1/../../../../arm-none-eabi/lib/thumb/v7-m/nofp\libc_nano.a(libc_a-memset.o)
                              C:/ST/STM32CubeIDE_1.13.2/STM32CubeIDE/plugins/com.st.stm32cube.ide.mcu.externaltools.gnu-tools-for-stm32.12.3.rel1.win32_1.0.100.202403111256/tools/bin/../lib/gcc/arm-none-eabi/12.3.1/../../../../arm-none-eabi/lib/thumb/v7-m/nofp/crt0.o (memset)
C:/ST/STM32CubeIDE_1.13.2/STM32CubeIDE/plugins/com.st.stm32cube.ide.mcu.externaltools.gnu-tools-for-stm32.12.3.rel1.win32_1.0.100.202403111256/tools/bin/../lib/gcc/arm-none-eabi/12.3.1/../../../../arm-none-eabi/lib/thumb/v7-m/nofp\libc_nano.a(libc_a-closer.o)
[...]
Memory Configuration

Name             Origin             Length             Attributes
RAM              0x20000000         0x00005000         xrw
FLASH            0x08000000         0x00010000         xr
*default*        0x00000000         0xffffffff

Linker script and memory map

LOAD C:/ST/STM32CubeIDE_1.13.2/STM32CubeIDE/plugins/com.st.stm32cube.ide.mcu.externaltools.gnu-tools-for-stm32.12.3.rel1.win32_1.0.100.202403111256/tools/bin/../lib/gcc/arm-none-eabi/12.3.1/thumb/v7-m/nofp/crti.o
LOAD C:/ST/STM32CubeIDE_1.13.2/STM32CubeIDE/plugins/com.st.stm32cube.ide.mcu.externaltools.gnu-tools-for-stm32.12.3.rel1.win32_1.0.100.202403111256/tools/bin/../lib/gcc/arm-none-eabi/12.3.1/thumb/v7-m/nofp/crtbegin.o
LOAD C:/ST/STM32CubeIDE_1.13.2/STM32CubeIDE/plugins/com.st.stm32cube.ide.mcu.externaltools.gnu-tools-for-stm32.12.3.rel1.win32_1.0.100.202403111256/tools/bin/../lib/gcc/arm-none-eabi/12.3.1/../../../../arm-none-eabi/lib/thumb/v7-m/nofp/crt0.o
LOAD ./Src/CortexMxOsPorting.o
LOAD ./Src/Fifo.o
LOAD ./Src/Scheduler.o
LOAD ./Src/main.o
LOAD ./Startup/startup_stm32f103c8tx.o
START GROUP
LOAD C:/ST/STM32CubeIDE_1.13.2/STM32CubeIDE/plugins/com.st.stm32cube.ide.mcu.externaltools.gnu-tools-for-stm32.12.3.rel1.win32_1.0.100.202403111256/tools/bin/../lib/gcc/arm-none-eabi/12.3.1/../../../../arm-none-eabi/lib/thumb/v7-m/nofp\libc_nano.a
LOAD C:/ST/STM32CubeIDE_1.13.2/STM32CubeIDE/plugins/com.st.stm32cube.ide.mcu.externaltools.gnu-tools-for-stm32.12.3.rel1.win32_1.0.100.202403111256/tools/bin/../lib/gcc/arm-none-eabi/12.3.1/../../../../arm-none-eabi/lib/thumb/v7-m/nofp\libm.a
END GROUP
START GROUP
LOAD C:/ST/STM32CubeIDE_1.13.2/STM32CubeIDE/plugins/com.st.stm32cube.ide.mcu.externaltools.gnu-tools-for-stm32.12.3.rel1.win32_1.0.100.202403111256/tools/bin/../lib/gcc/arm-none-eabi/12.3.1/thumb/v7-m/nofp\libgcc.a
LOAD C:/ST/STM32CubeIDE_1.13.2/STM32CubeIDE/plugins/com.st.stm32cube.ide.mcu.externaltools.gnu-tools-for-stm32.12.3.rel1.win32_1.0.100.202403111256/tools/bin/../lib/gcc/arm-none-eabi/12.3.1/../../../../arm-none-eabi/lib/thumb/v7-m/nofp\libg_nano.a
LOAD C:/ST/STM32CubeIDE_1.13.2/STM32CubeIDE/plugins/com.st.stm32cube.ide.mcu.externaltools.gnu-tools-for-stm32.12.3.rel1.win32_1.0.100.202403111256/tools/bin/../lib/gcc/arm-none-eabi/12.3.1/../../../../arm-none-eabi/lib/thumb/v7-m/nofp\libc_nano.a
END GROUP
START GROUP
LOAD C:/ST/STM32CubeIDE_1.13.2/STM32CubeIDE/plugins/com.st.stm32cube.ide.mcu.externaltools.gnu-tools-for-stm32.12.3.rel1.win32_1.0.100.202403111256/tools/bin/../lib/gcc/arm-none-eabi/12.3.1/thumb/v7-m/nofp\libgcc.a
LOAD C:/ST/STM32CubeIDE_1.13.2/STM32CubeIDE/plugins/com.st.stm32cube.ide.mcu.externaltools.gnu-tools-for-stm32.12.3.rel1.win32_1.0.100.202403111256/tools/bin/../lib/gcc/arm-none-eabi/12.3.1/../../../../arm-none-eabi/lib/thumb/v7-m/nofp\libc_nano.a
LOAD C:/ST/STM32CubeIDE_1.13.2/STM32CubeIDE/plugins/com.st.stm32cube.ide.mcu.externaltools.gnu-tools-for-stm32.12.3.rel1.win32_1.0.100.202403111256/tools/bin/../lib/gcc/arm-none-eabi/12.3.1/../../../../arm-none-eabi/lib/thumb/v7-m/nofp\libnosys.a
END GROUP
START GROUP
LOAD C:/ST/STM32CubeIDE_1.13.2/STM32CubeIDE/plugins/com.st.stm32cube.ide.mcu.externaltools.gnu-tools-for-stm32.12.3.rel1.win32_1.0.100.202403111256/tools/bin/../lib/gcc/arm-none-eabi/12.3.1/thumb/v7-m/nofp\libgcc.a
LOAD C:/ST/STM32CubeIDE_1.13.2/STM32CubeIDE/plugins/com.st.stm32cube.ide.mcu.externaltools.gnu-tools-for-stm32.12.3.rel1.win32_1.0.100.202403111256/tools/bin/../lib/gcc/arm-none-eabi/12.3.1/../../../../arm-none-eabi/lib/thumb/v7-m/nofp\libc_nano.a
LOAD C:/ST/STM32CubeIDE_1.13.2/STM32CubeIDE/plugins/com.st.stm32cube.ide.mcu.externaltools.gnu-tools-for-stm32.12.3.rel1.win32_1.0.100.202403111256/tools/bin/../lib/gcc/arm-none-eabi/12.3.1/../../../../arm-none-eabi/lib/thumb/v7-m/nofp\libnosys.a
END GROUP
LOAD C:/ST/STM32CubeIDE_1.13.2/STM32CubeIDE/plugins/com.st.stm32cube.ide.mcu.externaltools.gnu-tools-for-stm32.12.3.rel1.win32_1.0.100.202403111256/tools/bin/../lib/gcc/arm-none-eabi/12.3.1/thumb/v7-m/nofp/crtend.o
LOAD C:/ST/STM32CubeIDE_1.13.2/STM32CubeIDE/plugins/com.st.stm32cube.ide.mcu.externaltools.gnu-tools-for-stm32.12.3.rel1.win32_1.0.100.202403111256/tools/bin/../lib/gcc/arm-none-eabi/12.3.1/thumb/v7-m/nofp/crtn.o
                0x20005000                        _estack = (ORIGIN (RAM) + LENGTH (RAM))
                0x00000200                        _Min_Heap_Size = 0x200
                0x00000400                        _Min_Stack_Size = 0x400

.isr_vector     0x08000000      0x130
                0x08000000                        . = ALIGN (0x4)
 *(.isr_vector)
 .isr_vector    0x08000000      0x130 ./Startup/startup_stm32f103c8tx.o
                0x08000000                g_pfnVectors
                0x08000130                        . = ALIGN (0x4)

.text           0x08000130      0xa24
                0x08000130                        . = ALIGN (0x4)
 *(.text)
 .text          0x08000130       0x40 C:/ST/STM32CubeIDE_1.13.2/STM32CubeIDE/plugins/com.st.stm32cube.ide.mcu.externaltools.gnu-tools-for-stm32.12.3.rel1.win32_1.0.100.202403111256/tools/bin/../lib/gcc/arm-none-eabi/12.3.1/thumb/v7-m/nofp/crtbegin.o
 .text          0x08000170       0x14 C:/ST/STM32CubeIDE_1.13.2/STM32CubeIDE/plugins/com.st.stm32cube.ide.mcu.externaltools.gnu-tools-for-stm32.12.3.rel1.win32_1.0.100.202403111256/tools/bin/../lib/gcc/arm-none-eabi/12.3.1/../../../../arm-none-eabi/lib/thumb/v7-m/nofp\libc_nano.a(libc_a-strcmp.o)
                0x08000170                strcmp
 *(.text*)
 .text.__NVIC_SetPriority
                0x08000184       0x54 ./Src/CortexMxOsPorting.o
 .text.HardFault_Handler
                0x080001d8        0x8 ./Src/CortexMxOsPorting.o
                0x080001d8                HardFault_Handler
 .text.MemManage_Handler
                0x080001e0        0x8 ./Src/CortexMxOsPorting.o
                0x080001e0                MemManage_Handler
 .text.BusFault_Handler
                0x080001e8        0x8 ./Src/CortexMxOsPorting.o
                0x080001e8                BusFault_Handler
 .text.UsageFault_Handler
                0x080001f0        0x8 ./Src/CortexMxOsPorting.o
                0x080001f0                UsageFault_Handler
 .text.SVC_Handler
                0x080001f8       0x14 ./Src/CortexMxOsPorting.o
                0x080001f8                SVC_Handler
 .text.HW_init  0x0800020c       0x12 ./Src/CortexMxOsPorting.o
                0x0800020c                HW_init
 *fill*         0x0800021e        0x2 
 .text.triggerOsPendSV
                0x08000220       0x1c ./Src/CortexMxOsPorting.o
                0x08000220                triggerOsPendSV
 .text.FIFO_uddtInitBuffer
                0x0800023c       0x50 ./Src/Fifo.o
                0x0800023c                FIFO_uddtInitBuffer
 .text.FIFO_uddtPushData
                0x0800028c       0x96 ./Src/Fifo.o
                0x0800028c                FIFO_uddtPushData
 .text.FIFO_uddtPopData
                0x08000322       0x98 ./Src/Fifo.o
                0x08000322                FIFO_uddtPopData
 .text.FIFO_uddtIsFull
                0x080003ba       0x76 ./Src/Fifo.o
                0x080003ba                FIFO_uddtIsFull
 .text.PendSV_Handler
                0x08000430       0xf4 ./Src/Scheduler.o
                0x08000430                PendSV_Handler
 .text.SherifOS_CreateMainStack
                0x08000524       0x3c ./Src/Scheduler.o
                0x08000524                SherifOS_CreateMainStack
 .text.SherifOS_init
                0x08000560       0x80 ./Src/Scheduler.o
                0x08000560                SherifOS_init
 .text.IdleTask
                0x080005e0        0x8 ./Src/Scheduler.o
                0x080005e0                IdleTask
 .text.SherifOS_CreateTaskStack
                0x080005e8       0x7e ./Src/Scheduler.o
                0x080005e8                SherifOS_CreateTaskStack
 *fill*         0x08000666        0x2 
 .text.SherifOS_CreateTask
                0x08000668       0x60 ./Src/Scheduler.o
                0x08000668                SherifOS_CreateTask
 .text.BubbleSort
                0x080006c8       0x90 ./Src/Scheduler.o
                0x080006c8                BubbleSort
 .text.SherifOS_UpdateScheduleTable
                0x08000758       0xd8 ./Src/Scheduler.o
                0x08000758                SherifOS_UpdateScheduleTable
 .text.DecideWhatNext
                0x08000830       0xa4 ./Src/Scheduler.o
                0x08000830                DecideWhatNext
 .text.OS_SVC   0x080008d4       0x64 ./Src/Scheduler.o
                0x080008d4                OS_SVC
 .text.SherifOS_OS_SVC_Set
                0x08000938       0x34 ./Src/Scheduler.o
                0x08000938                SherifOS_OS_SVC_Set
 .text.SherifOS_ActivateTask
                0x0800096c       0x24 ./Src/Scheduler.o
                0x0800096c                SherifOS_ActivateTask
 .text.task1    0x08000990        0x8 ./Src/main.o
                0x08000990                task1
 .text.task2    0x08000998        0x8 ./Src/main.o
                0x08000998                task2
 .text.task3    0x080009a0        0x8 ./Src/main.o
                0x080009a0                task3
 .text.main     0x080009a8       0xf8 ./Src/main.o
                0x080009a8                main
 .text.Reset_Handler
                0x08000aa0       0x50 ./Startup/startup_stm32f103c8tx.o
                0x08000aa0                Reset_Handler
 .text.Default_Handler
                0x08000af0        0x2 ./Startup/startup_stm32f103c8tx.o
                0x08000af0                EXTI2_IRQHandler
                0x08000af0                TIM8_TRG_COM_IRQHandler
                0x08000af0                TIM8_CC_IRQHandler
                0x08000af0                DebugMon_Handler
                0x08000af0                TIM1_CC_IRQHandler
                0x08000af0                TIM6_IRQHandler
                0x08000af0                SysTick_Handler
                0x08000af0                PVD_IRQHandler
                0x08000af0                SDIO_IRQHandler
                0x08000af0                NMI_Handler
                0x08000af0                EXTI3_IRQHandler
                0x08000af0                USB_HP_CAN_TX_IRQHandler
                0x08000af0                EXTI0_IRQHandler
                0x08000af0                I2C2_EV_IRQHandler
                0x08000af0                ADC1_2_IRQHandler
                0x08000af0                SPI1_IRQHandler
                0x08000af0                CAN_SCE_IRQHandler
                0x08000af0                TAMPER_IRQHandler
                0x08000af0                TIM8_UP_IRQHandler
                0x08000af0                DMA2_Channel2_IRQHandler
                0x08000af0                DMA1_Channel4_IRQHandler
                0x08000af0                USART3_IRQHandler
                0x08000af0                RTC_IRQHandler
                0x08000af0                DMA1_Channel7_IRQHandler
                0x08000af0                UART5_IRQHandler
                0x08000af0                ADC3_IRQHandler
                0x08000af0                TIM4_IRQHandler
                0x08000af0                CAN_RX1_IRQHandler
                0x08000af0                DMA2_Channel1_IRQHandler
                0x08000af0                I2C1_EV_IRQHandler
                0x08000af0                DMA1_Channel6_IRQHandler
                0x08000af0                UART4_IRQHandler
                0x08000af0                TIM3_IRQHandler
                0x08000af0                RCC_IRQHandler
                0x08000af0                TIM1_TRG_COM_IRQHandler
                0x08000af0                DMA1_Channel1_IRQHandler
                0x08000af0                Default_Handler
                0x08000af0                EXTI15_10_IRQHandler
                0x08000af0                TIM7_IRQHandler
                0x08000af0                TIM5_IRQHandler
                0x08000af0                EXTI9_5_IRQHandler
                0x08000af0                SPI2_IRQHandler
                0x08000af0                USB_LP_CAN_RX0_IRQHandler
                0x08000af0                DMA1_Channel5_IRQHandler
                0x08000af0                EXTI4_IRQHandler
                0x08000af0                DMA1_Channel3_IRQHandler
                0x08000af0                FSMC_IRQHandler
                0x08000af0                TIM1_UP_IRQHandler
                0x08000af0                WWDG_IRQHandler
                0x08000af0                TIM2_IRQHandler
                0x08000af0                TIM1_BRK_IRQHandler
                0x08000af0                EXTI1_IRQHandler
                0x08000af0                RTCAlarm_IRQHandler
                0x08000af0                DMA2_Channel4_5_IRQHandler
                0x08000af0                USART2_IRQHandler
                0x08000af0                I2C2_ER_IRQHandler
                0x08000af0                DMA1_Channel2_IRQHandler
                0x08000af0                TIM8_BRK_IRQHandler
                0x08000af0                FLASH_IRQHandler
                0x08000af0                USART1_IRQHandler
                0x08000af0                SPI3_IRQHandler
                0x08000af0                I2C1_ER_IRQHandler
                0x08000af0                DMA2_Channel3_IRQHandler
 *fill*         0x08000af2        0x2 
 .text.__libc_init_array
                0x08000af4       0x48 C:/ST/STM32CubeIDE_1.13.2/STM32CubeIDE/plugins/com.st.stm32cube.ide.mcu.externaltools.gnu-tools-for-stm32.12.3.rel1.win32_1.0.100.202403111256/tools/bin/../lib/gcc/arm-none-eabi/12.3.1/../../../../arm-none-eabi/lib/thumb/v7-m/nofp\libc_nano.a(libc_a-init.o)
                0x08000af4                __libc_init_array
 *(.glue_7)
 .glue_7        0x08000b3c        0x0 linker stubs
 *(.glue_7t)
 .glue_7t       0x08000b3c        0x0 linker stubs
 *(.eh_frame)
 .eh_frame      0x08000b3c        0x0 C:/ST/STM32CubeIDE_1.13.2/STM32CubeIDE/plugins/com.st.stm32cube.ide.mcu.externaltools.gnu-tools-for-stm32.12.3.rel1.win32_1.0.100.202403111256/tools/bin/../lib/gcc/arm-none-eabi/12.3.1/thumb/v7-m/nofp/crtbegin.o
 *(.init)
 .init          0x08000b3c        0x4 C:/ST/STM32CubeIDE_1.13.2/STM32CubeIDE/plugins/com.st.stm32cube.ide.mcu.externaltools.gnu-tools-for-stm32.12.3.rel1.win32_1.0.100.202403111256/tools/bin/../lib/gcc/arm-none-eabi/12.3.1/thumb/v7-m/nofp/crti.o
                0x08000b3c                _init
 .init          0x08000b40        0x8 C:/ST/STM32CubeIDE_1.13.2/STM32CubeIDE/plugins/com.st.stm32cube.ide.mcu.externaltools.gnu-tools-for-stm32.12.3.rel1.win32_1.0.100.202403111256/tools/bin/../lib/gcc/arm-none-eabi/12.3.1/thumb/v7-m/nofp/crtn.o
 *(.fini)
 .fini          0x08000b48        0x4 C:/ST/STM32CubeIDE_1.13.2/STM32CubeIDE/plugins/com.st.stm32cube.ide.mcu.externaltools.gnu-tools-for-stm32.12.3.rel1.win32_1.0.100.202403111256/tools/bin/../lib/gcc/arm-none-eabi/12.3.1/thumb/v7-m/nofp/crti.o
                0x08000b48                _fini
 .fini          0x08000b4c        0x8 C:/ST/STM32CubeIDE_1.13.2/STM32CubeIDE/plugins/com.st.stm32cube.ide.mcu.externaltools.gnu-tools-for-stm32.12.3.rel1.win32_1.0.100.202403111256/tools/bin/../lib/gcc/arm-none-eabi/12.3.1/thumb/v7-m/nofp/crtn.o
                0x08000b54                        . = ALIGN (0x4)
                0x08000b54                        _etext = .

.vfp11_veneer   0x08000b54        0x0
 .vfp11_veneer  0x08000b54        0x0 linker stubs

.v4_bx          0x08000b54        0x0
 .v4_bx         0x08000b54        0x0 linker stubs

.iplt           0x08000b54        0x0
 .iplt          0x08000b54        0x0 C:/ST/STM32CubeIDE_1.13.2/STM32CubeIDE/plugins/com.st.stm32cube.ide.mcu.externaltools.gnu-tools-for-stm32.12.3.rel1.win32_1.0.100.202403111256/tools/bin/../lib/gcc/arm-none-eabi/12.3.1/thumb/v7-m/nofp/crtbegin.o

.rodata         0x08000b54       0x24
                0x08000b54                        . = ALIGN (0x4)
 *(.rodata)
 .rodata        0x08000b54        0x9 ./Src/Scheduler.o
 *fill*         0x08000b5d        0x3 
 .rodata        0x08000b60       0x16 ./Src/main.o
 *(.rodata*)
                0x08000b78                        . = ALIGN (0x4)
 *fill*         0x08000b76        0x2 

.ARM.extab      0x08000b78        0x0
                0x08000b78                        . = ALIGN (0x4)
 *(.ARM.extab* .gnu.linkonce.armextab.*)
                0x08000b78                        . = ALIGN (0x4)

.ARM            0x08000b78        0x8
                0x08000b78                        . = ALIGN (0x4)
                0x08000b78                        __exidx_start = .
 *(.ARM.exidx*)
 .ARM.exidx     0x08000b78        0x8 C:/ST/STM32CubeIDE_1.13.2/STM32CubeIDE/plugins/com.st.stm32cube.ide.mcu.externaltools.gnu-tools-for-stm32.12.3.rel1.win32_1.0.100.202403111256/tools/bin/../lib/gcc/arm-none-eabi/12.3.1/../../../../arm-none-eabi/lib/thumb/v7-m/nofp\libc_nano.a(libc_a-strcmp.o)
                0x08000b80                        __exidx_end = .
                0x08000b80                        . = ALIGN (0x4)

.preinit_array  0x08000b80        0x0
                0x08000b80                        . = ALIGN (0x4)
                0x08000b80                        PROVIDE (__preinit_array_start = .)
 *(.preinit_array*)
                0x08000b80                        PROVIDE (__preinit_array_end = .)
                0x08000b80                        . = ALIGN (0x4)

.init_array     0x08000b80        0x4
                0x08000b80                        . = ALIGN (0x4)
                0x08000b80                        PROVIDE (__init_array_start = .)
 *(SORT_BY_NAME(.init_array.*))
 *(.init_array*)
 .init_array    0x08000b80        0x4 C:/ST/STM32CubeIDE_1.13.2/STM32CubeIDE/plugins/com.st.stm32cube.ide.mcu.externaltools.gnu-tools-for-stm32.12.3.rel1.win32_1.0.100.202403111256/tools/bin/../lib/gcc/arm-none-eabi/12.3.1/thumb/v7-m/nofp/crtbegin.o
                0x08000b84                        PROVIDE (__init_array_end = .)
                0x08000b84                        . = ALIGN (0x4)

.fini_array     0x08000b84        0x4
                0x08000b84                        . = ALIGN (0x4)
                [!provide]                        PROVIDE (__fini_array_start = .)
 *(SORT_BY_NAME(.fini_array.*))
 *(.fini_array*)
 .fini_array    0x08000b84        0x4 C:/ST/STM32CubeIDE_1.13.2/STM32CubeIDE/plugins/com.st.stm32cube.ide.mcu.externaltools.gnu-tools-for-stm32.12.3.rel1.win32_1.0.100.202403111256/tools/bin/../lib/gcc/arm-none-eabi/12.3.1/thumb/v7-m/nofp/crtbegin.o
                [!provide]                        PROVIDE (__fini_array_end = .)
                0x08000b88                        . = ALIGN (0x4)
                0x08000b88                        _sidata = LOADADDR (.data)

.rel.dyn        0x08000b88        0x0
 .rel.iplt      0x08000b88        0x0 C:/ST/STM32CubeIDE_1.13.2/STM32CubeIDE/plugins/com.st.stm32cube.ide.mcu.externaltools.gnu-tools-for-stm32.12.3.rel1.win32_1.0.100.202403111256/tools/bin/../lib/gcc/arm-none-eabi/12.3.1/thumb/v7-m/nofp/crtbegin.o

.data           0x20000000        0x0 load address 0x08000b88
                0x20000000                        . = ALIGN (0x4)
                0x20000000                        _sdata = .
 *(.data)
 *(.data*)
 *(.RamFunc)
 *(.RamFunc*)
                0x20000000                        . = ALIGN (0x4)
                0x20000000                        _edata = .

.igot.plt       0x20000000        0x0 load address 0x08000b88
 .igot.plt      0x20000000        0x0 C:/ST/STM32CubeIDE_1.13.2/STM32CubeIDE/plugins/com.st.stm32cube.ide.mcu.externaltools.gnu-tools-for-stm32.12.3.rel1.win32_1.0.100.202403111256/tools/bin/../lib/gcc/arm-none-eabi/12.3.1/thumb/v7-m/nofp/crtbegin.o
                0x20000000                        . = ALIGN (0x4)

.bss            0x20000000      0x47c load address 0x08000b88
                0x20000000                        _sbss = .
                0x20000000                        __bss_start__ = _sbss
 *(.bss)
 .bss           0x20000000       0x1c C:/ST/STM32CubeIDE_1.13.2/STM32CubeIDE/plugins/com.st.stm32cube.ide.mcu.externaltools.gnu-tools-for-stm32.12.3.rel1.win32_1.0.100.202403111256/tools/bin/../lib/gcc/arm-none-eabi/12.3.1/thumb/v7-m/nofp/crtbegin.o
 *(.bss*)
 .bss.OSControl
                0x2000001c      0x1ac ./Src/Scheduler.o
                0x2000001c                OSControl
 .bss.ReadyQueue
                0x200001c8       0x14 ./Src/Scheduler.o
                0x200001c8                ReadyQueue
 .bss.ReadyQueueFIFO
                0x200001dc      0x190 ./Src/Scheduler.o
                0x200001dc                ReadyQueueFIFO
 .bss.SherifOS_IdleTask
                0x2000036c       0x44 ./Src/Scheduler.o
                0x2000036c                SherifOS_IdleTask
 .bss.Task1     0x200003b0       0x44 ./Src/main.o
                0x200003b0                Task1
 .bss.Task2     0x200003f4       0x44 ./Src/main.o
                0x200003f4                Task2
 .bss.Task3     0x20000438       0x44 ./Src/main.o
                0x20000438                Task3
 *(COMMON)
                0x2000047c                        . = ALIGN (0x4)
                0x2000047c                        _ebss = .
                0x2000047c                        __bss_end__ = _ebss

._user_heap_stack
                0x2000047c      0x604 load address 0x08000b88
                0x20000480                        . = ALIGN (0x8)
 *fill*         0x2000047c        0x4 
                0x20000480                        PROVIDE (end = .)
                [!provide]                        PROVIDE (_end = .)
                0x20000680                        . = (. + _Min_Heap_Size)
 *fill*         0x20000480      0x200 
                0x20000a80                        . = (. + _Min_Stack_Size)
 *fill*         0x20000680      0x400 
                0x20000a80                        . = ALIGN (0x8)
                0x20000a80                        _eheap = .

/DISCARD/
 libc.a(*)
 libm.a(*)
 libgcc.a(*)

.ARM.attributes
                0x00000000       0x29
 *(.ARM.attributes)
 .ARM.attributes
                0x00000000       0x1d C:/ST/STM32CubeIDE_1.13.2/STM32CubeIDE/plugins/com.st.stm32cube.ide.mcu.externaltools.gnu-tools-for-stm32.12.3.rel1.win32_1.0.100.202403111256/tools/bin/../lib/gcc/arm-none-eabi/12.3.1/thumb/v7-m/nofp/crti.o
 .ARM.attributes
                0x0000001d       0x2d C:/ST/STM32CubeIDE_1.13.2/STM32CubeIDE/plugins/com.st.stm32cube.ide.mcu.externaltools.gnu-tools-for-stm32.12.3.rel1.win32_1.0.100.202403111256/tools/bin/../lib/gcc/arm-none-eabi/12.3.1/thumb/v7-m/nofp/crtbegin.o
 .ARM.attributes
                0x0000004a       0x2d ./Src/CortexMxOsPorting.o
 .ARM.attributes
                0x00000077       0x2d ./Src/Fifo.o
 .ARM.attributes
                0x000000a4       0x2d ./Src/Scheduler.o
 .ARM.attributes
                0x000000d1       0x2d ./Src/main.o
 .ARM.attributes
                0x000000fe       0x21 ./Startup/startup_stm32f103c8tx.o
 .ARM.attributes
                0x0000011f       0x2d C:/ST/STM32CubeIDE_1.13.2/STM32CubeIDE/plugins/com.st.stm32cube.ide.mcu.externaltools.gnu-tools-for-stm32.12.3.rel1.win32_1.0.100.202403111256/tools/bin/../lib/gcc/arm-none-eabi/12.3.1/../../../../arm-none-eabi/lib/thumb/v7-m/nofp\libc_nano.a(libc_a-init.o)
 .ARM.attributes
                0x0000014c       0x1b C:/ST/STM32CubeIDE_1.13.2/STM32CubeIDE/plugins/com.st.stm32cube.ide.mcu.externaltools.gnu-tools-for-stm32.12.3.rel1.win32_1.0.100.202403111256/tools/bin/../lib/gcc/arm-none-eabi/12.3.1/../../../../arm-none-eabi/lib/thumb/v7-m/nofp\libc_nano.a(libc_a-strcmp.o)
 .ARM.attributes
                0x00000167       0x1d C:/ST/STM32CubeIDE_1.13.2/STM32CubeIDE/plugins/com.st.stm32cube.ide.mcu.externaltools.gnu-tools-for-stm32.12.3.rel1.win32_1.0.100.202403111256/tools/bin/../lib/gcc/arm-none-eabi/12.3.1/thumb/v7-m/nofp/crtn.o
OUTPUT(13_SherifOS.axf elf32-littlearm)
LOAD linker stubs
LOAD C:/ST/STM32CubeIDE_1.13.2/STM32CubeIDE/plugins/com.st.stm32cube.ide.mcu.externaltools.gnu-tools-for-stm32.12.3.rel1.win32_1.0.100.202403111256/tools/bin/../lib/gcc/arm-none-eabi/12.3.1/../../../../arm-none-eabi/lib/thumb/v7-m/nofp\libc.a
LOAD C:/ST/STM32CubeIDE_1.13.2/STM32CubeIDE/plugins/com.st.stm32cube.ide.mcu.externaltools.gnu-tools-for-stm32.12.3.rel1.win32_1.0.100.202403111256/tools/bin/../lib/gcc/arm-none-eabi/12.3.1/../../../../arm-none-eabi/lib/thumb/v7-m/nofp\libm.a
LOAD C:/ST/STM32CubeIDE_1.13.2/STM32CubeIDE/plugins/com.st.stm32cube.ide.mcu.externaltools.gnu-tools-for-stm32.12.3.rel1.win32_1.0.100.202403111256/tools/bin/../lib/gcc/arm-none-eabi/12.3.1/thumb/v7-m/nofp\libgcc.a

.debug_info     0x00000000     0x142b
 .debug_info    0x00000000      0x55c ./Src/CortexMxOsPorting.o
 .debug_info    0x0000055c      0x455 ./Src/Fifo.o
 .debug_info    0x000009b1      0x74f ./Src/Scheduler.o
 .debug_info    0x00001100      0x2fb ./Src/main.o
 .debug_info    0x000013fb       0x30 ./Startup/startup_stm32f103c8tx.o

.debug_abbrev   0x00000000      0x69a
 .debug_abbrev  0x00000000      0x150 ./Src/CortexMxOsPorting.o
 .debug_abbrev  0x00000150      0x158 ./Src/Fifo.o
 .debug_abbrev  0x000002a8      0x27d ./Src/Scheduler.o
 .debug_abbrev  0x00000525      0x158 ./Src/main.o
 .debug_abbrev  0x0000067d       0x1d ./Startup/startup_stm32f103c8tx.o

.debug_loc      0x00000000      0x7c0
 .debug_loc     0x00000000      0x17c ./Src/CortexMxOsPorting.o
 .debug_loc     0x0000017c      0x1a8 ./Src/Fifo.o
 .debug_loc     0x00000324      0x3e0 ./Src/Scheduler.o
 .debug_loc     0x00000704       0xbc ./Src/main.o

.debug_aranges  0x00000000      0x178
 .debug_aranges
                0x00000000       0x58 ./Src/CortexMxOsPorting.o
 .debug_aranges
                0x00000058       0x40 ./Src/Fifo.o
 .debug_aranges
                0x00000098       0x80 ./Src/Scheduler.o
 .debug_aranges
                0x00000118       0x38 ./Src/main.o
 .debug_aranges
                0x00000150       0x28 ./Startup/startup_stm32f103c8tx.o

.debug_ranges   0x00000000      0x148
 .debug_ranges  0x00000000       0x48 ./Src/CortexMxOsPorting.o
 .debug_ranges  0x00000048       0x48 ./Src/Fifo.o
 .debug_ranges  0x00000090       0x70 ./Src/Scheduler.o
 .debug_ranges  0x00000100       0x28 ./Src/main.o
 .debug_ranges  0x00000128       0x20 ./Startup/startup_stm32f103c8tx.o

.debug_macro    0x00000000     0x3254
 .debug_macro   0x00000000       0xb9 ./Src/CortexMxOsPorting.o
 .debug_macro   0x000000b9      0xaae ./Src/CortexMxOsPorting.o
 .debug_macro   0x00000b67       0x28 ./Src/CortexMxOsPorting.o
 .debug_macro   0x00000b8f       0x22 ./Src/CortexMxOsPorting.o
 .debug_macro   0x00000bb1       0x8e ./Src/CortexMxOsPorting.o
 .debug_macro   0x00000c3f       0x51 ./Src/CortexMxOsPorting.o
 .debug_macro   0x00000c90      0x103 ./Src/CortexMxOsPorting.o
 .debug_macro   0x00000d93       0x6a ./Src/CortexMxOsPorting.o
 .debug_macro   0x00000dfd      0x1df ./Src/CortexMxOsPorting.o
 .debug_macro   0x00000fdc       0x1c ./Src/CortexMxOsPorting.o
 .debug_macro   0x00000ff8       0x22 ./Src/CortexMxOsPorting.o
 .debug_macro   0x0000101a       0xdf ./Src/CortexMxOsPorting.o
 .debug_macro   0x000010f9      0xe3c ./Src/CortexMxOsPorting.o
 .debug_macro   0x00001f35       0x34 ./Src/CortexMxOsPorting.o
 .debug_macro   0x00001f69      0x1b9 ./Src/Fifo.o
 .debug_macro   0x00002122       0x5b ./Src/Fifo.o
 .debug_macro   0x0000217d       0x24 ./Src/Fifo.o
 .debug_macro   0x000021a1       0x94 ./Src/Fifo.o
 .debug_macro   0x00002235       0x43 ./Src/Fifo.o
 .debug_macro   0x00002278       0x34 ./Src/Fifo.o
 .debug_macro   0x000022ac       0x16 ./Src/Fifo.o
 .debug_macro   0x000022c2       0x57 ./Src/Fifo.o
 .debug_macro   0x00002319       0x9e ./Src/Fifo.o
 .debug_macro   0x000023b7      0x369 ./Src/Fifo.o
 .debug_macro   0x00002720      0x10b ./Src/Fifo.o
 .debug_macro   0x0000282b       0x10 ./Src/Fifo.o
 .debug_macro   0x0000283b       0x16 ./Src/Fifo.o
 .debug_macro   0x00002851       0x43 ./Src/Fifo.o
 .debug_macro   0x00002894       0x34 ./Src/Fifo.o
 .debug_macro   0x000028c8       0x10 ./Src/Fifo.o
 .debug_macro   0x000028d8       0x58 ./Src/Fifo.o
 .debug_macro   0x00002930       0x8e ./Src/Fifo.o
 .debug_macro   0x000029be       0x1c ./Src/Fifo.o
 .debug_macro   0x000029da      0x177 ./Src/Fifo.o
 .debug_macro   0x00002b51       0x16 ./Src/Fifo.o
 .debug_macro   0x00002b67       0x16 ./Src/Fifo.o
 .debug_macro   0x00002b7d      0x146 ./Src/Fifo.o
 .debug_macro   0x00002cc3       0x10 ./Src/Fifo.o
 .debug_macro   0x00002cd3      0x1ed ./Src/Scheduler.o
 .debug_macro   0x00002ec0       0x16 ./Src/Scheduler.o
 .debug_macro   0x00002ed6       0x35 ./Src/Scheduler.o
 .debug_macro   0x00002f0b       0x20 ./Src/Scheduler.o
 .debug_macro   0x00002f2b      0x190 ./Src/main.o
 .debug_macro   0x000030bb      0x189 ./Src/main.o
 .debug_macro   0x00003244       0x10 ./Src/main.o

.debug_line     0x00000000     0x2243
 .debug_line    0x00000000      0x62d ./Src/CortexMxOsPorting.o
 .debug_line    0x0000062d      0x90d ./Src/Fifo.o
 .debug_line    0x00000f3a      0xb20 ./Src/Scheduler.o
 .debug_line    0x00001a5a      0x765 ./Src/main.o
 .debug_line    0x000021bf       0x84 ./Startup/startup_stm32f103c8tx.o

.debug_str      0x00000000     0xd865
 .debug_str     0x00000000     0x98aa ./Src/CortexMxOsPorting.o
                               0x9a45 (size before relaxing)
 .debug_str     0x000098aa     0x3c49 ./Src/Fifo.o
                               0xd47a (size before relaxing)
 .debug_str     0x0000d4f3      0x2fc ./Src/Scheduler.o
                               0xd703 (size before relaxing)
 .debug_str     0x0000d7ef       0x37 ./Src/main.o
                               0xcdc2 (size before relaxing)
 .debug_str     0x0000d826       0x3f ./Startup/startup_stm32f103c8tx.o
                                 0xa3 (size before relaxing)

.comment        0x00000000       0x43
 .comment       0x00000000       0x43 ./Src/CortexMxOsPorting.o
                                 0x44 (size before relaxing)
 .comment       0x00000043       0x44 ./Src/Fifo.o
 .comment       0x00000043       0x44 ./Src/Scheduler.o
 .comment       0x00000043       0x44 ./Src/main.o

.debug_frame    0x00000000      0x44c
 .debug_frame   0x00000000       0xe4 ./Src/CortexMxOsPorting.o
 .debug_frame   0x000000e4       0xcc ./Src/Fifo.o
 .debug_frame   0x000001b0      0x1d8 ./Src/Scheduler.o
 .debug_frame   0x00000388       0x78 ./Src/main.o
 .debug_frame   0x00000400       0x2c C:/ST/STM32CubeIDE_1.13.2/STM32CubeIDE/plugins/com.st.stm32cube.ide.mcu.externaltools.gnu-tools-for-stm32.12.3.rel1.win32_1.0.100.202403111256/tools/bin/../lib/gcc/arm-none-eabi/12.3.1/../../../../arm-none-eabi/lib/thumb/v7-m/nofp\libc_nano.a(libc_a-init.o)
 .debug_frame   0x0000042c       0x20 C:/ST/STM32CubeIDE_1.13.2/STM32CubeIDE/plugins/com.st.stm32cube.ide.mcu.externaltools.gnu-tools-for-stm32.12.3.rel1.win32_1.0.100.202403111256/tools/bin/../lib/gcc/arm-none-eabi/12.3.1/../../../../arm-none-eabi/lib/thumb/v7-m/nofp\libc_nano.a(libc_a-strcmp.o)
