../Src/Scheduler.c:45:28:PendSV_Handler	0	static,ignoring_inline_asm
../Src/Scheduler.c:106:6:SherifOS_CreateMainStack	4	static
../Src/Scheduler.c:117:19:SherifOS_init	16	static
../Src/Scheduler.c:145:6:IdleTask	4	static,ignoring_inline_asm
../Src/Scheduler.c:156:6:SherifOS_CreateTaskStack	24	static
../Src/Scheduler.c:194:19:SherifOS_CreateTask	24	static
../Src/Scheduler.c:233:6:BubbleSort	24	static
../Src/Scheduler.c:254:6:SherifOS_UpdateSchedulerTable	24	static
../Src/Scheduler.c:307:6:DecideWhatNext	8	static
../Src/Scheduler.c:335:6:SherifOS_SVC_Services	24	static
../Src/Scheduler.c:364:6:SherifOS_SVC_Set	16	static,ignoring_inline_asm
../Src/Scheduler.c:387:19:SherifOS_ActivateTask	24	static
../Src/Scheduler.c:397:19:SherifOS_TerminateTask	24	static
../Src/Scheduler.c:408:19:SherifOS_TaskWait	16	static
../Src/Scheduler.c:419:19:SherifOS_UpdateTasksWaitingTime	16	static
../Src/Scheduler.c:439:19:SherifOS_StartOs	16	static,ignoring_inline_asm
../Src/Scheduler.c:460:6:SherifOS_AquireMutex	16	static
../Src/Scheduler.c:470:6:SherifOS_ReleaseMutex	24	static
../Src/Scheduler.c:484:15:SherifOS_CheckMutex	24	static
