
Memory Configuration

Name             Origin             Length             Attributes
flash            0x08000000         0x00020000         xr
sram             0x20000000         0x00005000         xrw
*default*        0x00000000         0xffffffff

Linker script and memory map


.text           0x08000000       0xd4
 *(.vectors*)
 .vectors       0x08000000       0x50 startup.o
 *(.text*)
 .text          0x08000050       0x7c main.o
                0x08000050                main
 .text          0x080000cc        0x8 startup.o
 *(.rodata*)

.glue_7         0x080000d4        0x0
 .glue_7        0x080000d4        0x0 linker stubs

.glue_7t        0x080000d4        0x0
 .glue_7t       0x080000d4        0x0 linker stubs

.vfp11_veneer   0x080000d4        0x0
 .vfp11_veneer  0x080000d4        0x0 linker stubs

.v4_bx          0x080000d4        0x0
 .v4_bx         0x080000d4        0x0 linker stubs

.iplt           0x080000d4        0x0
 .iplt          0x080000d4        0x0 main.o

.rel.dyn        0x080000d4        0x0
 .rel.iplt      0x080000d4        0x0 main.o

.data           0x080000d4        0x4
 *(.data*)
 .data          0x080000d4        0x4 main.o
                0x080000d4                R_ODR
 .data          0x080000d8        0x0 startup.o

.igot.plt       0x080000d8        0x0
 .igot.plt      0x080000d8        0x0 main.o

.bss            0x20000000        0x0
 *(.bss*)
 .bss           0x20000000        0x0 main.o
 .bss           0x20000000        0x0 startup.o
LOAD main.o
LOAD startup.o
OUTPUT(sherif.elf elf32-littlearm)

.debug_info     0x00000000      0x166
 .debug_info    0x00000000      0x140 main.o
 .debug_info    0x00000140       0x26 startup.o

.debug_abbrev   0x00000000       0xf2
 .debug_abbrev  0x00000000       0xde main.o
 .debug_abbrev  0x000000de       0x14 startup.o

.debug_loc      0x00000000       0x38
 .debug_loc     0x00000000       0x38 main.o

.debug_aranges  0x00000000       0x40
 .debug_aranges
                0x00000000       0x20 main.o
 .debug_aranges
                0x00000020       0x20 startup.o

.debug_line     0x00000000       0xa0
 .debug_line    0x00000000       0x65 main.o
 .debug_line    0x00000065       0x3b startup.o

.debug_str      0x00000000      0x192
 .debug_str     0x00000000      0x179 main.o
                                0x199 (size before relaxing)
 .debug_str     0x00000179       0x19 startup.o
                                 0x88 (size before relaxing)

.comment        0x00000000       0x7e
 .comment       0x00000000       0x7e main.o
                                 0x7f (size before relaxing)

.ARM.attributes
                0x00000000       0x31
 .ARM.attributes
                0x00000000       0x33 main.o
 .ARM.attributes
                0x00000033       0x21 startup.o

.debug_frame    0x00000000       0x2c
 .debug_frame   0x00000000       0x2c main.o
