Archive member included to satisfy reference by file (symbol)

C:/ST/STM32CubeIDE_1.13.2/STM32CubeIDE/plugins/com.st.stm32cube.ide.mcu.externaltools.gnu-tools-for-stm32.12.3.rel1.win32_1.0.100.202403111256/tools/bin/../lib/gcc/arm-none-eabi/12.3.1/../../../../arm-none-eabi/lib/thumb/v7-m/nofp\libc_nano.a(libc_a-exit.o)
                              C:/ST/STM32CubeIDE_1.13.2/STM32CubeIDE/plugins/com.st.stm32cube.ide.mcu.externaltools.gnu-tools-for-stm32.12.3.rel1.win32_1.0.100.202403111256/tools/bin/../lib/gcc/arm-none-eabi/12.3.1/../../../../arm-none-eabi/lib/thumb/v7-m/nofp/crt0.o (exit)
C:/ST/STM32CubeIDE_1.13.2/STM32CubeIDE/plugins/com.st.stm32cube.ide.mcu.externaltools.gnu-tools-for-stm32.12.3.rel1.win32_1.0.100.202403111256/tools/bin/../lib/gcc/arm-none-eabi/12.3.1/../../../../arm-none-eabi/lib/thumb/v7-m/nofp\libc_nano.a(libc_a-findfp.o)
                              C:/ST/STM32CubeIDE_1.13.2/STM32CubeIDE/plugins/com.st.stm32cube.ide.mcu.externaltools.gnu-tools-for-stm32.12.3.rel1.win32_1.0.100.202403111256/tools/bin/../lib/gcc/arm-none-eabi/12.3.1/../../../../arm-none-eabi/lib/thumb/v7-m/nofp\libc_nano.a(libc_a-exit.o) (__stdio_exit_handler)
C:/ST/STM32CubeIDE_1.13.2/STM32CubeIDE/plugins/com.st.stm32cube.ide.mcu.externaltools.gnu-tools-for-stm32.12.3.rel1.win32_1.0.100.202403111256/tools/bin/../lib/gcc/arm-none-eabi/12.3.1/../../../../arm-none-eabi/lib/thumb/v7-m/nofp\libc_nano.a(libc_a-fwalk.o)
                              C:/ST/STM32CubeIDE_1.13.2/STM32CubeIDE/plugins/com.st.stm32cube.ide.mcu.externaltools.gnu-tools-for-stm32.12.3.rel1.win32_1.0.100.202403111256/tools/bin/../lib/gcc/arm-none-eabi/12.3.1/../../../../arm-none-eabi/lib/thumb/v7-m/nofp\libc_nano.a(libc_a-findfp.o) (_fwalk_sglue)
C:/ST/STM32CubeIDE_1.13.2/STM32CubeIDE/plugins/com.st.stm32cube.ide.mcu.externaltools.gnu-tools-for-stm32.12.3.rel1.win32_1.0.100.202403111256/tools/bin/../lib/gcc/arm-none-eabi/12.3.1/../../../../arm-none-eabi/lib/thumb/v7-m/nofp\libc_nano.a(libc_a-printf.o)
                              ./Src/Fifo.o (printf)
C:/ST/STM32CubeIDE_1.13.2/STM32CubeIDE/plugins/com.st.stm32cube.ide.mcu.externaltools.gnu-tools-for-stm32.12.3.rel1.win32_1.0.100.202403111256/tools/bin/../lib/gcc/arm-none-eabi/12.3.1/../../../../arm-none-eabi/lib/thumb/v7-m/nofp\libc_nano.a(libc_a-puts.o)
                              ./Src/Fifo.o (puts)
C:/ST/STM32CubeIDE_1.13.2/STM32CubeIDE/plugins/com.st.stm32cube.ide.mcu.externaltools.gnu-tools-for-stm32.12.3.rel1.win32_1.0.100.202403111256/tools/bin/../lib/gcc/arm-none-eabi/12.3.1/../../../../arm-none-eabi/lib/thumb/v7-m/nofp\libc_nano.a(libc_a-stdio.o)
                              C:/ST/STM32CubeIDE_1.13.2/STM32CubeIDE/plugins/com.st.stm32cube.ide.mcu.externaltools.gnu-tools-for-stm32.12.3.rel1.win32_1.0.100.202403111256/tools/bin/../lib/gcc/arm-none-eabi/12.3.1/../../../../arm-none-eabi/lib/thumb/v7-m/nofp\libc_nano.a(libc_a-findfp.o) (__sread)
C:/ST/STM32CubeIDE_1.13.2/STM32CubeIDE/plugins/com.st.stm32cube.ide.mcu.externaltools.gnu-tools-for-stm32.12.3.rel1.win32_1.0.100.202403111256/tools/bin/../lib/gcc/arm-none-eabi/12.3.1/../../../../arm-none-eabi/lib/thumb/v7-m/nofp\libc_nano.a(libc_a-wbuf.o)
                              C:/ST/STM32CubeIDE_1.13.2/STM32CubeIDE/plugins/com.st.stm32cube.ide.mcu.externaltools.gnu-tools-for-stm32.12.3.rel1.win32_1.0.100.202403111256/tools/bin/../lib/gcc/arm-none-eabi/12.3.1/../../../../arm-none-eabi/lib/thumb/v7-m/nofp\libc_nano.a(libc_a-puts.o) (__swbuf_r)
C:/ST/STM32CubeIDE_1.13.2/STM32CubeIDE/plugins/com.st.stm32cube.ide.mcu.externaltools.gnu-tools-for-stm32.12.3.rel1.win32_1.0.100.202403111256/tools/bin/../lib/gcc/arm-none-eabi/12.3.1/../../../../arm-none-eabi/lib/thumb/v7-m/nofp\libc_nano.a(libc_a-wsetup.o)
                              C:/ST/STM32CubeIDE_1.13.2/STM32CubeIDE/plugins/com.st.stm32cube.ide.mcu.externaltools.gnu-tools-for-stm32.12.3.rel1.win32_1.0.100.202403111256/tools/bin/../lib/gcc/arm-none-eabi/12.3.1/../../../../arm-none-eabi/lib/thumb/v7-m/nofp\libc_nano.a(libc_a-puts.o) (__swsetup_r)
C:/ST/STM32CubeIDE_1.13.2/STM32CubeIDE/plugins/com.st.stm32cube.ide.mcu.externaltools.gnu-tools-for-stm32.12.3.rel1.win32_1.0.100.202403111256/tools/bin/../lib/gcc/arm-none-eabi/12.3.1/../../../../arm-none-eabi/lib/thumb/v7-m/nofp\libc_nano.a(libc_a-memset.o)
                              C:/ST/STM32CubeIDE_1.13.2/STM32CubeIDE/plugins/com.st.stm32cube.ide.mcu.externaltools.gnu-tools-for-stm32.12.3.rel1.win32_1.0.100.202403111256/tools/bin/../lib/gcc/arm-none-eabi/12.3.1/../../../../arm-none-eabi/lib/thumb/v7-m/nofp/crt0.o (memset)
C:/ST/STM32CubeIDE_1.13.2/STM32CubeIDE/plugins/com.st.stm32cube.ide.mcu.externaltools.gnu-tools-for-stm32.12.3.rel1.win32_1.0.100.202403111256/tools/bin/../lib/gcc/arm-none-eabi/12.3.1/../../../../arm-none-eabi/lib/thumb/v7-m/nofp\libc_nano.a(libc_a-closer.o)
[...]
Memory Configuration

Name             Origin             Length             Attributes
RAM              0x20000000         0x00005000         xrw
FLASH            0x08000000         0x00010000         xr
*default*        0x00000000         0xffffffff

Linker script and memory map

LOAD C:/ST/STM32CubeIDE_1.13.2/STM32CubeIDE/plugins/com.st.stm32cube.ide.mcu.externaltools.gnu-tools-for-stm32.12.3.rel1.win32_1.0.100.202403111256/tools/bin/../lib/gcc/arm-none-eabi/12.3.1/thumb/v7-m/nofp/crti.o
LOAD C:/ST/STM32CubeIDE_1.13.2/STM32CubeIDE/plugins/com.st.stm32cube.ide.mcu.externaltools.gnu-tools-for-stm32.12.3.rel1.win32_1.0.100.202403111256/tools/bin/../lib/gcc/arm-none-eabi/12.3.1/thumb/v7-m/nofp/crtbegin.o
LOAD C:/ST/STM32CubeIDE_1.13.2/STM32CubeIDE/plugins/com.st.stm32cube.ide.mcu.externaltools.gnu-tools-for-stm32.12.3.rel1.win32_1.0.100.202403111256/tools/bin/../lib/gcc/arm-none-eabi/12.3.1/../../../../arm-none-eabi/lib/thumb/v7-m/nofp/crt0.o
LOAD ./Src/CortexMxOsPorting.o
LOAD ./Src/Fifo.o
LOAD ./Src/Scheduler.o
LOAD ./Src/main.o
LOAD ./Startup/startup_stm32f103c8tx.o
START GROUP
LOAD C:/ST/STM32CubeIDE_1.13.2/STM32CubeIDE/plugins/com.st.stm32cube.ide.mcu.externaltools.gnu-tools-for-stm32.12.3.rel1.win32_1.0.100.202403111256/tools/bin/../lib/gcc/arm-none-eabi/12.3.1/../../../../arm-none-eabi/lib/thumb/v7-m/nofp\libc_nano.a
LOAD C:/ST/STM32CubeIDE_1.13.2/STM32CubeIDE/plugins/com.st.stm32cube.ide.mcu.externaltools.gnu-tools-for-stm32.12.3.rel1.win32_1.0.100.202403111256/tools/bin/../lib/gcc/arm-none-eabi/12.3.1/../../../../arm-none-eabi/lib/thumb/v7-m/nofp\libm.a
END GROUP
START GROUP
LOAD C:/ST/STM32CubeIDE_1.13.2/STM32CubeIDE/plugins/com.st.stm32cube.ide.mcu.externaltools.gnu-tools-for-stm32.12.3.rel1.win32_1.0.100.202403111256/tools/bin/../lib/gcc/arm-none-eabi/12.3.1/thumb/v7-m/nofp\libgcc.a
LOAD C:/ST/STM32CubeIDE_1.13.2/STM32CubeIDE/plugins/com.st.stm32cube.ide.mcu.externaltools.gnu-tools-for-stm32.12.3.rel1.win32_1.0.100.202403111256/tools/bin/../lib/gcc/arm-none-eabi/12.3.1/../../../../arm-none-eabi/lib/thumb/v7-m/nofp\libg_nano.a
LOAD C:/ST/STM32CubeIDE_1.13.2/STM32CubeIDE/plugins/com.st.stm32cube.ide.mcu.externaltools.gnu-tools-for-stm32.12.3.rel1.win32_1.0.100.202403111256/tools/bin/../lib/gcc/arm-none-eabi/12.3.1/../../../../arm-none-eabi/lib/thumb/v7-m/nofp\libc_nano.a
END GROUP
START GROUP
LOAD C:/ST/STM32CubeIDE_1.13.2/STM32CubeIDE/plugins/com.st.stm32cube.ide.mcu.externaltools.gnu-tools-for-stm32.12.3.rel1.win32_1.0.100.202403111256/tools/bin/../lib/gcc/arm-none-eabi/12.3.1/thumb/v7-m/nofp\libgcc.a
LOAD C:/ST/STM32CubeIDE_1.13.2/STM32CubeIDE/plugins/com.st.stm32cube.ide.mcu.externaltools.gnu-tools-for-stm32.12.3.rel1.win32_1.0.100.202403111256/tools/bin/../lib/gcc/arm-none-eabi/12.3.1/../../../../arm-none-eabi/lib/thumb/v7-m/nofp\libc_nano.a
LOAD C:/ST/STM32CubeIDE_1.13.2/STM32CubeIDE/plugins/com.st.stm32cube.ide.mcu.externaltools.gnu-tools-for-stm32.12.3.rel1.win32_1.0.100.202403111256/tools/bin/../lib/gcc/arm-none-eabi/12.3.1/../../../../arm-none-eabi/lib/thumb/v7-m/nofp\libnosys.a
END GROUP
START GROUP
LOAD C:/ST/STM32CubeIDE_1.13.2/STM32CubeIDE/plugins/com.st.stm32cube.ide.mcu.externaltools.gnu-tools-for-stm32.12.3.rel1.win32_1.0.100.202403111256/tools/bin/../lib/gcc/arm-none-eabi/12.3.1/thumb/v7-m/nofp\libgcc.a
LOAD C:/ST/STM32CubeIDE_1.13.2/STM32CubeIDE/plugins/com.st.stm32cube.ide.mcu.externaltools.gnu-tools-for-stm32.12.3.rel1.win32_1.0.100.202403111256/tools/bin/../lib/gcc/arm-none-eabi/12.3.1/../../../../arm-none-eabi/lib/thumb/v7-m/nofp\libc_nano.a
LOAD C:/ST/STM32CubeIDE_1.13.2/STM32CubeIDE/plugins/com.st.stm32cube.ide.mcu.externaltools.gnu-tools-for-stm32.12.3.rel1.win32_1.0.100.202403111256/tools/bin/../lib/gcc/arm-none-eabi/12.3.1/../../../../arm-none-eabi/lib/thumb/v7-m/nofp\libnosys.a
END GROUP
LOAD C:/ST/STM32CubeIDE_1.13.2/STM32CubeIDE/plugins/com.st.stm32cube.ide.mcu.externaltools.gnu-tools-for-stm32.12.3.rel1.win32_1.0.100.202403111256/tools/bin/../lib/gcc/arm-none-eabi/12.3.1/thumb/v7-m/nofp/crtend.o
LOAD C:/ST/STM32CubeIDE_1.13.2/STM32CubeIDE/plugins/com.st.stm32cube.ide.mcu.externaltools.gnu-tools-for-stm32.12.3.rel1.win32_1.0.100.202403111256/tools/bin/../lib/gcc/arm-none-eabi/12.3.1/thumb/v7-m/nofp/crtn.o
                0x20005000                        _estack = (ORIGIN (RAM) + LENGTH (RAM))
                0x00000200                        _Min_Heap_Size = 0x200
                0x00000400                        _Min_Stack_Size = 0x400

.isr_vector     0x08000000      0x130
                0x08000000                        . = ALIGN (0x4)
 *(.isr_vector)
 .isr_vector    0x08000000      0x130 ./Startup/startup_stm32f103c8tx.o
                0x08000000                g_pfnVectors
                0x08000130                        . = ALIGN (0x4)

.text           0x08000130      0x488
                0x08000130                        . = ALIGN (0x4)
 *(.text)
 .text          0x08000130       0x40 C:/ST/STM32CubeIDE_1.13.2/STM32CubeIDE/plugins/com.st.stm32cube.ide.mcu.externaltools.gnu-tools-for-stm32.12.3.rel1.win32_1.0.100.202403111256/tools/bin/../lib/gcc/arm-none-eabi/12.3.1/thumb/v7-m/nofp/crtbegin.o
 *(.text*)
 .text.HardFault_Handler
                0x08000170        0x8 ./Src/CortexMxOsPorting.o
                0x08000170                HardFault_Handler
 .text.MemManage_Handler
                0x08000178        0x8 ./Src/CortexMxOsPorting.o
                0x08000178                MemManage_Handler
 .text.BusFault_Handler
                0x08000180        0x8 ./Src/CortexMxOsPorting.o
                0x08000180                BusFault_Handler
 .text.UsageFault_Handler
                0x08000188        0x8 ./Src/CortexMxOsPorting.o
                0x08000188                UsageFault_Handler
 .text.SVC_Handler
                0x08000190       0x14 ./Src/CortexMxOsPorting.o
                0x08000190                SVC_Handler
 .text.HW_init  0x080001a4        0xc ./Src/CortexMxOsPorting.o
                0x080001a4                HW_init
 .text.FIFO_uddtInitBuffer
                0x080001b0       0x50 ./Src/Fifo.o
                0x080001b0                FIFO_uddtInitBuffer
 .text.OS_SVC   0x08000200       0x36 ./Src/Scheduler.o
                0x08000200                OS_SVC
 .text.PendSV_Handler
                0x08000236        0xc ./Src/Scheduler.o
                0x08000236                PendSV_Handler
 *fill*         0x08000242        0x2 
 .text.SherifOS_CreateMainStack
                0x08000244       0x50 ./Src/Scheduler.o
                0x08000244                SherifOS_CreateMainStack
 .text.SherifOS_init
                0x08000294       0x84 ./Src/Scheduler.o
                0x08000294                SherifOS_init
 .text.IdleTask
                0x08000318        0x8 ./Src/Scheduler.o
                0x08000318                IdleTask
 .text.SherifOS_CreateTaskStack
                0x08000320       0x7e ./Src/Scheduler.o
                0x08000320                SherifOS_CreateTaskStack
 *fill*         0x0800039e        0x2 
 .text.SherifOS_CreateTask
                0x080003a0       0x68 ./Src/Scheduler.o
                0x080003a0                SherifOS_CreateTask
 .text.task1    0x08000408        0x8 ./Src/main.o
                0x08000408                task1
 .text.task2    0x08000410        0x8 ./Src/main.o
                0x08000410                task2
 .text.task3    0x08000418        0x8 ./Src/main.o
                0x08000418                task3
 .text.main     0x08000420       0xe4 ./Src/main.o
                0x08000420                main
 .text.Reset_Handler
                0x08000504       0x50 ./Startup/startup_stm32f103c8tx.o
                0x08000504                Reset_Handler
 .text.Default_Handler
                0x08000554        0x2 ./Startup/startup_stm32f103c8tx.o
                0x08000554                EXTI2_IRQHandler
                0x08000554                TIM8_TRG_COM_IRQHandler
                0x08000554                TIM8_CC_IRQHandler
                0x08000554                DebugMon_Handler
                0x08000554                TIM1_CC_IRQHandler
                0x08000554                TIM6_IRQHandler
                0x08000554                SysTick_Handler
                0x08000554                PVD_IRQHandler
                0x08000554                SDIO_IRQHandler
                0x08000554                NMI_Handler
                0x08000554                EXTI3_IRQHandler
                0x08000554                USB_HP_CAN_TX_IRQHandler
                0x08000554                EXTI0_IRQHandler
                0x08000554                I2C2_EV_IRQHandler
                0x08000554                ADC1_2_IRQHandler
                0x08000554                SPI1_IRQHandler
                0x08000554                CAN_SCE_IRQHandler
                0x08000554                TAMPER_IRQHandler
                0x08000554                TIM8_UP_IRQHandler
                0x08000554                DMA2_Channel2_IRQHandler
                0x08000554                DMA1_Channel4_IRQHandler
                0x08000554                USART3_IRQHandler
                0x08000554                RTC_IRQHandler
                0x08000554                DMA1_Channel7_IRQHandler
                0x08000554                UART5_IRQHandler
                0x08000554                ADC3_IRQHandler
                0x08000554                TIM4_IRQHandler
                0x08000554                CAN_RX1_IRQHandler
                0x08000554                DMA2_Channel1_IRQHandler
                0x08000554                I2C1_EV_IRQHandler
                0x08000554                DMA1_Channel6_IRQHandler
                0x08000554                UART4_IRQHandler
                0x08000554                TIM3_IRQHandler
                0x08000554                RCC_IRQHandler
                0x08000554                TIM1_TRG_COM_IRQHandler
                0x08000554                DMA1_Channel1_IRQHandler
                0x08000554                Default_Handler
                0x08000554                EXTI15_10_IRQHandler
                0x08000554                TIM7_IRQHandler
                0x08000554                TIM5_IRQHandler
                0x08000554                EXTI9_5_IRQHandler
                0x08000554                SPI2_IRQHandler
                0x08000554                USB_LP_CAN_RX0_IRQHandler
                0x08000554                DMA1_Channel5_IRQHandler
                0x08000554                EXTI4_IRQHandler
                0x08000554                DMA1_Channel3_IRQHandler
                0x08000554                FSMC_IRQHandler
                0x08000554                TIM1_UP_IRQHandler
                0x08000554                WWDG_IRQHandler
                0x08000554                TIM2_IRQHandler
                0x08000554                TIM1_BRK_IRQHandler
                0x08000554                EXTI1_IRQHandler
                0x08000554                RTCAlarm_IRQHandler
                0x08000554                DMA2_Channel4_5_IRQHandler
                0x08000554                USART2_IRQHandler
                0x08000554                I2C2_ER_IRQHandler
                0x08000554                DMA1_Channel2_IRQHandler
                0x08000554                TIM8_BRK_IRQHandler
                0x08000554                FLASH_IRQHandler
                0x08000554                USART1_IRQHandler
                0x08000554                SPI3_IRQHandler
                0x08000554                I2C1_ER_IRQHandler
                0x08000554                DMA2_Channel3_IRQHandler
 *fill*         0x08000556        0x2 
 .text.__libc_init_array
                0x08000558       0x48 C:/ST/STM32CubeIDE_1.13.2/STM32CubeIDE/plugins/com.st.stm32cube.ide.mcu.externaltools.gnu-tools-for-stm32.12.3.rel1.win32_1.0.100.202403111256/tools/bin/../lib/gcc/arm-none-eabi/12.3.1/../../../../arm-none-eabi/lib/thumb/v7-m/nofp\libc_nano.a(libc_a-init.o)
                0x08000558                __libc_init_array
 *(.glue_7)
 .glue_7        0x080005a0        0x0 linker stubs
 *(.glue_7t)
 .glue_7t       0x080005a0        0x0 linker stubs
 *(.eh_frame)
 .eh_frame      0x080005a0        0x0 C:/ST/STM32CubeIDE_1.13.2/STM32CubeIDE/plugins/com.st.stm32cube.ide.mcu.externaltools.gnu-tools-for-stm32.12.3.rel1.win32_1.0.100.202403111256/tools/bin/../lib/gcc/arm-none-eabi/12.3.1/thumb/v7-m/nofp/crtbegin.o
 *(.init)
 .init          0x080005a0        0x4 C:/ST/STM32CubeIDE_1.13.2/STM32CubeIDE/plugins/com.st.stm32cube.ide.mcu.externaltools.gnu-tools-for-stm32.12.3.rel1.win32_1.0.100.202403111256/tools/bin/../lib/gcc/arm-none-eabi/12.3.1/thumb/v7-m/nofp/crti.o
                0x080005a0                _init
 .init          0x080005a4        0x8 C:/ST/STM32CubeIDE_1.13.2/STM32CubeIDE/plugins/com.st.stm32cube.ide.mcu.externaltools.gnu-tools-for-stm32.12.3.rel1.win32_1.0.100.202403111256/tools/bin/../lib/gcc/arm-none-eabi/12.3.1/thumb/v7-m/nofp/crtn.o
 *(.fini)
 .fini          0x080005ac        0x4 C:/ST/STM32CubeIDE_1.13.2/STM32CubeIDE/plugins/com.st.stm32cube.ide.mcu.externaltools.gnu-tools-for-stm32.12.3.rel1.win32_1.0.100.202403111256/tools/bin/../lib/gcc/arm-none-eabi/12.3.1/thumb/v7-m/nofp/crti.o
                0x080005ac                _fini
 .fini          0x080005b0        0x8 C:/ST/STM32CubeIDE_1.13.2/STM32CubeIDE/plugins/com.st.stm32cube.ide.mcu.externaltools.gnu-tools-for-stm32.12.3.rel1.win32_1.0.100.202403111256/tools/bin/../lib/gcc/arm-none-eabi/12.3.1/thumb/v7-m/nofp/crtn.o
                0x080005b8                        . = ALIGN (0x4)
                0x080005b8                        _etext = .

.vfp11_veneer   0x080005b8        0x0
 .vfp11_veneer  0x080005b8        0x0 linker stubs

.v4_bx          0x080005b8        0x0
 .v4_bx         0x080005b8        0x0 linker stubs

.iplt           0x080005b8        0x0
 .iplt          0x080005b8        0x0 C:/ST/STM32CubeIDE_1.13.2/STM32CubeIDE/plugins/com.st.stm32cube.ide.mcu.externaltools.gnu-tools-for-stm32.12.3.rel1.win32_1.0.100.202403111256/tools/bin/../lib/gcc/arm-none-eabi/12.3.1/thumb/v7-m/nofp/crtbegin.o

.rodata         0x080005b8       0x24
                0x080005b8                        . = ALIGN (0x4)
 *(.rodata)
 .rodata        0x080005b8        0x9 ./Src/Scheduler.o
 *fill*         0x080005c1        0x3 
 .rodata        0x080005c4       0x16 ./Src/main.o
 *(.rodata*)
                0x080005dc                        . = ALIGN (0x4)
 *fill*         0x080005da        0x2 

.ARM.extab      0x080005dc        0x0
                0x080005dc                        . = ALIGN (0x4)
 *(.ARM.extab* .gnu.linkonce.armextab.*)
                0x080005dc                        . = ALIGN (0x4)

.ARM            0x080005dc        0x0
                0x080005dc                        . = ALIGN (0x4)
                0x080005dc                        __exidx_start = .
 *(.ARM.exidx*)
                0x080005dc                        __exidx_end = .
                0x080005dc                        . = ALIGN (0x4)

.preinit_array  0x080005dc        0x0
                0x080005dc                        . = ALIGN (0x4)
                0x080005dc                        PROVIDE (__preinit_array_start = .)
 *(.preinit_array*)
                0x080005dc                        PROVIDE (__preinit_array_end = .)
                0x080005dc                        . = ALIGN (0x4)

.init_array     0x080005dc        0x4
                0x080005dc                        . = ALIGN (0x4)
                0x080005dc                        PROVIDE (__init_array_start = .)
 *(SORT_BY_NAME(.init_array.*))
 *(.init_array*)
 .init_array    0x080005dc        0x4 C:/ST/STM32CubeIDE_1.13.2/STM32CubeIDE/plugins/com.st.stm32cube.ide.mcu.externaltools.gnu-tools-for-stm32.12.3.rel1.win32_1.0.100.202403111256/tools/bin/../lib/gcc/arm-none-eabi/12.3.1/thumb/v7-m/nofp/crtbegin.o
                0x080005e0                        PROVIDE (__init_array_end = .)
                0x080005e0                        . = ALIGN (0x4)

.fini_array     0x080005e0        0x4
                0x080005e0                        . = ALIGN (0x4)
                [!provide]                        PROVIDE (__fini_array_start = .)
 *(SORT_BY_NAME(.fini_array.*))
 *(.fini_array*)
 .fini_array    0x080005e0        0x4 C:/ST/STM32CubeIDE_1.13.2/STM32CubeIDE/plugins/com.st.stm32cube.ide.mcu.externaltools.gnu-tools-for-stm32.12.3.rel1.win32_1.0.100.202403111256/tools/bin/../lib/gcc/arm-none-eabi/12.3.1/thumb/v7-m/nofp/crtbegin.o
                [!provide]                        PROVIDE (__fini_array_end = .)
                0x080005e4                        . = ALIGN (0x4)
                0x080005e4                        _sidata = LOADADDR (.data)

.rel.dyn        0x080005e4        0x0
 .rel.iplt      0x080005e4        0x0 C:/ST/STM32CubeIDE_1.13.2/STM32CubeIDE/plugins/com.st.stm32cube.ide.mcu.externaltools.gnu-tools-for-stm32.12.3.rel1.win32_1.0.100.202403111256/tools/bin/../lib/gcc/arm-none-eabi/12.3.1/thumb/v7-m/nofp/crtbegin.o

.data           0x20000000        0x0 load address 0x080005e4
                0x20000000                        . = ALIGN (0x4)
                0x20000000                        _sdata = .
 *(.data)
 *(.data*)
 *(.RamFunc)
 *(.RamFunc*)
                0x20000000                        . = ALIGN (0x4)
                0x20000000                        _edata = .

.igot.plt       0x20000000        0x0 load address 0x080005e4
 .igot.plt      0x20000000        0x0 C:/ST/STM32CubeIDE_1.13.2/STM32CubeIDE/plugins/com.st.stm32cube.ide.mcu.externaltools.gnu-tools-for-stm32.12.3.rel1.win32_1.0.100.202403111256/tools/bin/../lib/gcc/arm-none-eabi/12.3.1/thumb/v7-m/nofp/crtbegin.o
                0x20000000                        . = ALIGN (0x4)

.bss            0x20000000     0x1d7c load address 0x080005e4
                0x20000000                        _sbss = .
                0x20000000                        __bss_start__ = _sbss
 *(.bss)
 .bss           0x20000000       0x1c C:/ST/STM32CubeIDE_1.13.2/STM32CubeIDE/plugins/com.st.stm32cube.ide.mcu.externaltools.gnu-tools-for-stm32.12.3.rel1.win32_1.0.100.202403111256/tools/bin/../lib/gcc/arm-none-eabi/12.3.1/thumb/v7-m/nofp/crtbegin.o
 *(.bss*)
 .bss.OSControl
                0x2000001c     0x1aac ./Src/Scheduler.o
                0x2000001c                OSControl
 .bss.ReadyQueue
                0x20001ac8       0x14 ./Src/Scheduler.o
                0x20001ac8                ReadyQueue
 .bss.ReadyQueueFIFO
                0x20001adc      0x190 ./Src/Scheduler.o
                0x20001adc                ReadyQueueFIFO
 .bss.SherifOS_IdleTask
                0x20001c6c       0x44 ./Src/Scheduler.o
                0x20001c6c                SherifOS_IdleTask
 .bss.Task1     0x20001cb0       0x44 ./Src/main.o
                0x20001cb0                Task1
 .bss.Task2     0x20001cf4       0x44 ./Src/main.o
                0x20001cf4                Task2
 .bss.Task3     0x20001d38       0x44 ./Src/main.o
                0x20001d38                Task3
 *(COMMON)
                0x20001d7c                        . = ALIGN (0x4)
                0x20001d7c                        _ebss = .
                0x20001d7c                        __bss_end__ = _ebss

._user_heap_stack
                0x20001d7c      0x604 load address 0x080005e4
                0x20001d80                        . = ALIGN (0x8)
 *fill*         0x20001d7c        0x4 
                0x20001d80                        PROVIDE (end = .)
                [!provide]                        PROVIDE (_end = .)
                0x20001f80                        . = (. + _Min_Heap_Size)
 *fill*         0x20001d80      0x200 
                0x20002380                        . = (. + _Min_Stack_Size)
 *fill*         0x20001f80      0x400 
                0x20002380                        . = ALIGN (0x8)
                0x20002380                        _eheap = .

/DISCARD/
 libc.a(*)
 libm.a(*)
 libgcc.a(*)

.ARM.attributes
                0x00000000       0x29
 *(.ARM.attributes)
 .ARM.attributes
                0x00000000       0x1d C:/ST/STM32CubeIDE_1.13.2/STM32CubeIDE/plugins/com.st.stm32cube.ide.mcu.externaltools.gnu-tools-for-stm32.12.3.rel1.win32_1.0.100.202403111256/tools/bin/../lib/gcc/arm-none-eabi/12.3.1/thumb/v7-m/nofp/crti.o
 .ARM.attributes
                0x0000001d       0x2d C:/ST/STM32CubeIDE_1.13.2/STM32CubeIDE/plugins/com.st.stm32cube.ide.mcu.externaltools.gnu-tools-for-stm32.12.3.rel1.win32_1.0.100.202403111256/tools/bin/../lib/gcc/arm-none-eabi/12.3.1/thumb/v7-m/nofp/crtbegin.o
 .ARM.attributes
                0x0000004a       0x2d ./Src/CortexMxOsPorting.o
 .ARM.attributes
                0x00000077       0x2d ./Src/Fifo.o
 .ARM.attributes
                0x000000a4       0x2d ./Src/Scheduler.o
 .ARM.attributes
                0x000000d1       0x2d ./Src/main.o
 .ARM.attributes
                0x000000fe       0x21 ./Startup/startup_stm32f103c8tx.o
 .ARM.attributes
                0x0000011f       0x2d C:/ST/STM32CubeIDE_1.13.2/STM32CubeIDE/plugins/com.st.stm32cube.ide.mcu.externaltools.gnu-tools-for-stm32.12.3.rel1.win32_1.0.100.202403111256/tools/bin/../lib/gcc/arm-none-eabi/12.3.1/../../../../arm-none-eabi/lib/thumb/v7-m/nofp\libc_nano.a(libc_a-init.o)
 .ARM.attributes
                0x0000014c       0x1d C:/ST/STM32CubeIDE_1.13.2/STM32CubeIDE/plugins/com.st.stm32cube.ide.mcu.externaltools.gnu-tools-for-stm32.12.3.rel1.win32_1.0.100.202403111256/tools/bin/../lib/gcc/arm-none-eabi/12.3.1/thumb/v7-m/nofp/crtn.o
OUTPUT(SherifOs.axf elf32-littlearm)
LOAD linker stubs
LOAD C:/ST/STM32CubeIDE_1.13.2/STM32CubeIDE/plugins/com.st.stm32cube.ide.mcu.externaltools.gnu-tools-for-stm32.12.3.rel1.win32_1.0.100.202403111256/tools/bin/../lib/gcc/arm-none-eabi/12.3.1/../../../../arm-none-eabi/lib/thumb/v7-m/nofp\libc.a
LOAD C:/ST/STM32CubeIDE_1.13.2/STM32CubeIDE/plugins/com.st.stm32cube.ide.mcu.externaltools.gnu-tools-for-stm32.12.3.rel1.win32_1.0.100.202403111256/tools/bin/../lib/gcc/arm-none-eabi/12.3.1/../../../../arm-none-eabi/lib/thumb/v7-m/nofp\libm.a
LOAD C:/ST/STM32CubeIDE_1.13.2/STM32CubeIDE/plugins/com.st.stm32cube.ide.mcu.externaltools.gnu-tools-for-stm32.12.3.rel1.win32_1.0.100.202403111256/tools/bin/../lib/gcc/arm-none-eabi/12.3.1/thumb/v7-m/nofp\libgcc.a

.debug_info     0x00000000      0xe31
 .debug_info    0x00000000       0xfb ./Src/CortexMxOsPorting.o
 .debug_info    0x000000fb      0x455 ./Src/Fifo.o
 .debug_info    0x00000550      0x5a8 ./Src/Scheduler.o
 .debug_info    0x00000af8      0x309 ./Src/main.o
 .debug_info    0x00000e01       0x30 ./Startup/startup_stm32f103c8tx.o

.debug_abbrev   0x00000000      0x513
 .debug_abbrev  0x00000000       0x79 ./Src/CortexMxOsPorting.o
 .debug_abbrev  0x00000079      0x158 ./Src/Fifo.o
 .debug_abbrev  0x000001d1      0x1c6 ./Src/Scheduler.o
 .debug_abbrev  0x00000397      0x15f ./Src/main.o
 .debug_abbrev  0x000004f6       0x1d ./Startup/startup_stm32f103c8tx.o

.debug_loc      0x00000000      0x5c0
 .debug_loc     0x00000000       0xf4 ./Src/CortexMxOsPorting.o
 .debug_loc     0x000000f4      0x1a8 ./Src/Fifo.o
 .debug_loc     0x0000029c      0x268 ./Src/Scheduler.o
 .debug_loc     0x00000504       0xbc ./Src/main.o

.debug_aranges  0x00000000      0x140
 .debug_aranges
                0x00000000       0x48 ./Src/CortexMxOsPorting.o
 .debug_aranges
                0x00000048       0x40 ./Src/Fifo.o
 .debug_aranges
                0x00000088       0x58 ./Src/Scheduler.o
 .debug_aranges
                0x000000e0       0x38 ./Src/main.o
 .debug_aranges
                0x00000118       0x28 ./Startup/startup_stm32f103c8tx.o

.debug_ranges   0x00000000      0x110
 .debug_ranges  0x00000000       0x38 ./Src/CortexMxOsPorting.o
 .debug_ranges  0x00000038       0x48 ./Src/Fifo.o
 .debug_ranges  0x00000080       0x48 ./Src/Scheduler.o
 .debug_ranges  0x000000c8       0x28 ./Src/main.o
 .debug_ranges  0x000000f0       0x20 ./Startup/startup_stm32f103c8tx.o

.debug_macro    0x00000000     0x31a3
 .debug_macro   0x00000000       0xb9 ./Src/CortexMxOsPorting.o
 .debug_macro   0x000000b9      0xaae ./Src/CortexMxOsPorting.o
 .debug_macro   0x00000b67       0x28 ./Src/CortexMxOsPorting.o
 .debug_macro   0x00000b8f       0x22 ./Src/CortexMxOsPorting.o
 .debug_macro   0x00000bb1       0x8e ./Src/CortexMxOsPorting.o
 .debug_macro   0x00000c3f       0x51 ./Src/CortexMxOsPorting.o
 .debug_macro   0x00000c90      0x103 ./Src/CortexMxOsPorting.o
 .debug_macro   0x00000d93       0x6a ./Src/CortexMxOsPorting.o
 .debug_macro   0x00000dfd      0x1df ./Src/CortexMxOsPorting.o
 .debug_macro   0x00000fdc       0x1c ./Src/CortexMxOsPorting.o
 .debug_macro   0x00000ff8       0x22 ./Src/CortexMxOsPorting.o
 .debug_macro   0x0000101a       0xdf ./Src/CortexMxOsPorting.o
 .debug_macro   0x000010f9      0xe3c ./Src/CortexMxOsPorting.o
 .debug_macro   0x00001f35       0x34 ./Src/CortexMxOsPorting.o
 .debug_macro   0x00001f69      0x1b9 ./Src/Fifo.o
 .debug_macro   0x00002122       0x5b ./Src/Fifo.o
 .debug_macro   0x0000217d       0x24 ./Src/Fifo.o
 .debug_macro   0x000021a1       0x94 ./Src/Fifo.o
 .debug_macro   0x00002235       0x43 ./Src/Fifo.o
 .debug_macro   0x00002278       0x34 ./Src/Fifo.o
 .debug_macro   0x000022ac       0x16 ./Src/Fifo.o
 .debug_macro   0x000022c2       0x57 ./Src/Fifo.o
 .debug_macro   0x00002319       0x9e ./Src/Fifo.o
 .debug_macro   0x000023b7      0x369 ./Src/Fifo.o
 .debug_macro   0x00002720      0x10b ./Src/Fifo.o
 .debug_macro   0x0000282b       0x10 ./Src/Fifo.o
 .debug_macro   0x0000283b       0x16 ./Src/Fifo.o
 .debug_macro   0x00002851       0x43 ./Src/Fifo.o
 .debug_macro   0x00002894       0x34 ./Src/Fifo.o
 .debug_macro   0x000028c8       0x10 ./Src/Fifo.o
 .debug_macro   0x000028d8       0x58 ./Src/Fifo.o
 .debug_macro   0x00002930       0x8e ./Src/Fifo.o
 .debug_macro   0x000029be       0x1c ./Src/Fifo.o
 .debug_macro   0x000029da      0x177 ./Src/Fifo.o
 .debug_macro   0x00002b51       0x16 ./Src/Fifo.o
 .debug_macro   0x00002b67       0x16 ./Src/Fifo.o
 .debug_macro   0x00002b7d      0x146 ./Src/Fifo.o
 .debug_macro   0x00002cc3       0x10 ./Src/Fifo.o
 .debug_macro   0x00002cd3      0x1e7 ./Src/Scheduler.o
 .debug_macro   0x00002eba      0x189 ./Src/Scheduler.o
 .debug_macro   0x00003043       0x10 ./Src/Scheduler.o
 .debug_macro   0x00003053       0x35 ./Src/Scheduler.o
 .debug_macro   0x00003088       0x20 ./Src/Scheduler.o
 .debug_macro   0x000030a8       0x1c ./Src/Scheduler.o
 .debug_macro   0x000030c4       0x1c ./Src/Scheduler.o
 .debug_macro   0x000030e0       0xc3 ./Src/main.o

.debug_line     0x00000000     0x206b
 .debug_line    0x00000000      0x670 ./Src/CortexMxOsPorting.o
 .debug_line    0x00000670      0x9ad ./Src/Fifo.o
 .debug_line    0x0000101d      0x92f ./Src/Scheduler.o
 .debug_line    0x0000194c      0x69b ./Src/main.o
 .debug_line    0x00001fe7       0x84 ./Startup/startup_stm32f103c8tx.o

.debug_str      0x00000000     0xd5e7
 .debug_str     0x00000000     0x96d2 ./Src/CortexMxOsPorting.o
                               0x983c (size before relaxing)
 .debug_str     0x000096d2     0x3c5d ./Src/Fifo.o
                               0xd4ca (size before relaxing)
 .debug_str     0x0000d32f      0x23b ./Src/Scheduler.o
                               0xd65a (size before relaxing)
 .debug_str     0x0000d56a       0x3e ./Src/main.o
                               0x994b (size before relaxing)
 .debug_str     0x0000d5a8       0x3f ./Startup/startup_stm32f103c8tx.o
                                 0xf3 (size before relaxing)

.comment        0x00000000       0x43
 .comment       0x00000000       0x43 ./Src/CortexMxOsPorting.o
                                 0x44 (size before relaxing)
 .comment       0x00000043       0x44 ./Src/Fifo.o
 .comment       0x00000043       0x44 ./Src/Scheduler.o
 .comment       0x00000043       0x44 ./Src/main.o

.debug_frame    0x00000000      0x338
 .debug_frame   0x00000000       0xa0 ./Src/CortexMxOsPorting.o
 .debug_frame   0x000000a0       0xcc ./Src/Fifo.o
 .debug_frame   0x0000016c      0x128 ./Src/Scheduler.o
 .debug_frame   0x00000294       0x78 ./Src/main.o
 .debug_frame   0x0000030c       0x2c C:/ST/STM32CubeIDE_1.13.2/STM32CubeIDE/plugins/com.st.stm32cube.ide.mcu.externaltools.gnu-tools-for-stm32.12.3.rel1.win32_1.0.100.202403111256/tools/bin/../lib/gcc/arm-none-eabi/12.3.1/../../../../arm-none-eabi/lib/thumb/v7-m/nofp\libc_nano.a(libc_a-init.o)
